<!doctype html public "-//w3c//dtd html 4.0 transitional//en">
<html><head>
<title>Static Call Graph - [.\Objects\yeniprgram2.axf]</title></head>
<body><HR>
<H1>Static Call Graph for image .\Objects\yeniprgram2.axf</H1><HR>
<BR><P>#&#060CALLGRAPH&#062# ARM Linker, 6120001: Last Updated: Wed Apr 15 17:46:17 2026
<BR><P>
<H3>Maximum Stack Usage =        432 bytes + Unknown(Functions without stacksize, Cycles, Untraceable Function Pointers)</H3><H3>
Call chain for Maximum Stack Depth:</H3>
__rt_entry_main &rArr; main &rArr; Modbus_Task &rArr; Modbus_ProcessFrame &rArr; ProcessReadInputRegisters &rArr; Modbus_SendErrorResponse &rArr; UART_Send
<P>
<H3>
Functions with no stack information
</H3><UL>
 <LI><a href="#[45]">__user_initial_stackheap</a>
</UL>
</UL>
<P>
<H3>
Mutually Recursive functions
</H3> <LI><a href="#[2]">HardFault_Handler</a>&nbsp;&nbsp;&nbsp;&rArr;&nbsp;&nbsp;&nbsp;<a href="#[2]">HardFault_Handler</a><BR>
 <LI><a href="#[3]">MemManage_Handler</a>&nbsp;&nbsp;&nbsp;&rArr;&nbsp;&nbsp;&nbsp;<a href="#[3]">MemManage_Handler</a><BR>
 <LI><a href="#[4]">BusFault_Handler</a>&nbsp;&nbsp;&nbsp;&rArr;&nbsp;&nbsp;&nbsp;<a href="#[4]">BusFault_Handler</a><BR>
 <LI><a href="#[5]">UsageFault_Handler</a>&nbsp;&nbsp;&nbsp;&rArr;&nbsp;&nbsp;&nbsp;<a href="#[5]">UsageFault_Handler</a><BR>
 <LI><a href="#[6]">SVC_Handler</a>&nbsp;&nbsp;&nbsp;&rArr;&nbsp;&nbsp;&nbsp;<a href="#[6]">SVC_Handler</a><BR>
 <LI><a href="#[7]">DebugMon_Handler</a>&nbsp;&nbsp;&nbsp;&rArr;&nbsp;&nbsp;&nbsp;<a href="#[7]">DebugMon_Handler</a><BR>
 <LI><a href="#[8]">PendSV_Handler</a>&nbsp;&nbsp;&nbsp;&rArr;&nbsp;&nbsp;&nbsp;<a href="#[8]">PendSV_Handler</a><BR>
 <LI><a href="#[1c]">ADC_IRQHandler</a>&nbsp;&nbsp;&nbsp;&rArr;&nbsp;&nbsp;&nbsp;<a href="#[1c]">ADC_IRQHandler</a><BR>
</UL>
<P>
<H3>
Function Pointers
</H3><UL>
 <LI><a href="#[1c]">ADC_IRQHandler</a> from startup_stm32f410rx.o(.text) referenced from startup_stm32f410rx.o(RESET)
 <LI><a href="#[4]">BusFault_Handler</a> from startup_stm32f410rx.o(.text) referenced from startup_stm32f410rx.o(RESET)
 <LI><a href="#[15]">DMA1_Stream0_IRQHandler</a> from startup_stm32f410rx.o(.text) referenced from startup_stm32f410rx.o(RESET)
 <LI><a href="#[16]">DMA1_Stream1_IRQHandler</a> from startup_stm32f410rx.o(.text) referenced from startup_stm32f410rx.o(RESET)
 <LI><a href="#[17]">DMA1_Stream2_IRQHandler</a> from startup_stm32f410rx.o(.text) referenced from startup_stm32f410rx.o(RESET)
 <LI><a href="#[18]">DMA1_Stream3_IRQHandler</a> from startup_stm32f410rx.o(.text) referenced from startup_stm32f410rx.o(RESET)
 <LI><a href="#[19]">DMA1_Stream4_IRQHandler</a> from startup_stm32f410rx.o(.text) referenced from startup_stm32f410rx.o(RESET)
 <LI><a href="#[1a]">DMA1_Stream5_IRQHandler</a> from startup_stm32f410rx.o(.text) referenced from startup_stm32f410rx.o(RESET)
 <LI><a href="#[1b]">DMA1_Stream6_IRQHandler</a> from startup_stm32f410rx.o(.text) referenced from startup_stm32f410rx.o(RESET)
 <LI><a href="#[2c]">DMA1_Stream7_IRQHandler</a> from startup_stm32f410rx.o(.text) referenced from startup_stm32f410rx.o(RESET)
 <LI><a href="#[2f]">DMA2_Stream0_IRQHandler</a> from startup_stm32f410rx.o(.text) referenced from startup_stm32f410rx.o(RESET)
 <LI><a href="#[30]">DMA2_Stream1_IRQHandler</a> from startup_stm32f410rx.o(.text) referenced from startup_stm32f410rx.o(RESET)
 <LI><a href="#[31]">DMA2_Stream2_IRQHandler</a> from startup_stm32f410rx.o(.text) referenced from startup_stm32f410rx.o(RESET)
 <LI><a href="#[32]">DMA2_Stream3_IRQHandler</a> from startup_stm32f410rx.o(.text) referenced from startup_stm32f410rx.o(RESET)
 <LI><a href="#[33]">DMA2_Stream4_IRQHandler</a> from startup_stm32f410rx.o(.text) referenced from startup_stm32f410rx.o(RESET)
 <LI><a href="#[34]">DMA2_Stream5_IRQHandler</a> from startup_stm32f410rx.o(.text) referenced from startup_stm32f410rx.o(RESET)
 <LI><a href="#[35]">DMA2_Stream6_IRQHandler</a> from startup_stm32f410rx.o(.text) referenced from startup_stm32f410rx.o(RESET)
 <LI><a href="#[36]">DMA2_Stream7_IRQHandler</a> from uart.o(.text.DMA2_Stream7_IRQHandler) referenced from startup_stm32f410rx.o(RESET)
 <LI><a href="#[7]">DebugMon_Handler</a> from startup_stm32f410rx.o(.text) referenced from startup_stm32f410rx.o(RESET)
 <LI><a href="#[40]">Delay_ms</a> from delay.o(.text.Delay_ms) referenced from lcd.o(.text.LCD_Init)
 <LI><a href="#[44]">Delay_us</a> from delay.o(.text.Delay_us) referenced from lcd.o(.text.lcd_send4)
 <LI><a href="#[10]">EXTI0_IRQHandler</a> from startup_stm32f410rx.o(.text) referenced from startup_stm32f410rx.o(RESET)
 <LI><a href="#[2a]">EXTI15_10_IRQHandler</a> from startup_stm32f410rx.o(.text) referenced from startup_stm32f410rx.o(RESET)
 <LI><a href="#[11]">EXTI1_IRQHandler</a> from startup_stm32f410rx.o(.text) referenced from startup_stm32f410rx.o(RESET)
 <LI><a href="#[12]">EXTI2_IRQHandler</a> from startup_stm32f410rx.o(.text) referenced from startup_stm32f410rx.o(RESET)
 <LI><a href="#[13]">EXTI3_IRQHandler</a> from startup_stm32f410rx.o(.text) referenced from startup_stm32f410rx.o(RESET)
 <LI><a href="#[14]">EXTI4_IRQHandler</a> from startup_stm32f410rx.o(.text) referenced from startup_stm32f410rx.o(RESET)
 <LI><a href="#[1d]">EXTI9_5_IRQHandler</a> from startup_stm32f410rx.o(.text) referenced from startup_stm32f410rx.o(RESET)
 <LI><a href="#[e]">FLASH_IRQHandler</a> from startup_stm32f410rx.o(.text) referenced from startup_stm32f410rx.o(RESET)
 <LI><a href="#[3c]">FMPI2C1_ER_IRQHandler</a> from startup_stm32f410rx.o(.text) referenced from startup_stm32f410rx.o(RESET)
 <LI><a href="#[3b]">FMPI2C1_EV_IRQHandler</a> from startup_stm32f410rx.o(.text) referenced from startup_stm32f410rx.o(RESET)
 <LI><a href="#[39]">FPU_IRQHandler</a> from startup_stm32f410rx.o(.text) referenced from startup_stm32f410rx.o(RESET)
 <LI><a href="#[2]">HardFault_Handler</a> from startup_stm32f410rx.o(.text) referenced from startup_stm32f410rx.o(RESET)
 <LI><a href="#[23]">I2C1_ER_IRQHandler</a> from startup_stm32f410rx.o(.text) referenced from startup_stm32f410rx.o(RESET)
 <LI><a href="#[22]">I2C1_EV_IRQHandler</a> from startup_stm32f410rx.o(.text) referenced from startup_stm32f410rx.o(RESET)
 <LI><a href="#[25]">I2C2_ER_IRQHandler</a> from startup_stm32f410rx.o(.text) referenced from startup_stm32f410rx.o(RESET)
 <LI><a href="#[24]">I2C2_EV_IRQHandler</a> from startup_stm32f410rx.o(.text) referenced from startup_stm32f410rx.o(RESET)
 <LI><a href="#[43]">LCD_Puts</a> from lcd.o(.text.LCD_Puts) referenced from sensor_task.o(.text.Sensor_Task)
 <LI><a href="#[3d]">LPTIM1_IRQHandler</a> from startup_stm32f410rx.o(.text) referenced from startup_stm32f410rx.o(RESET)
 <LI><a href="#[3]">MemManage_Handler</a> from startup_stm32f410rx.o(.text) referenced from startup_stm32f410rx.o(RESET)
 <LI><a href="#[1]">NMI_Handler</a> from interrupts.o(.text.NMI_Handler) referenced from startup_stm32f410rx.o(RESET)
 <LI><a href="#[b]">PVD_IRQHandler</a> from startup_stm32f410rx.o(.text) referenced from startup_stm32f410rx.o(RESET)
 <LI><a href="#[8]">PendSV_Handler</a> from startup_stm32f410rx.o(.text) referenced from startup_stm32f410rx.o(RESET)
 <LI><a href="#[f]">RCC_IRQHandler</a> from startup_stm32f410rx.o(.text) referenced from startup_stm32f410rx.o(RESET)
 <LI><a href="#[38]">RNG_IRQHandler</a> from startup_stm32f410rx.o(.text) referenced from startup_stm32f410rx.o(RESET)
 <LI><a href="#[2b]">RTC_Alarm_IRQHandler</a> from startup_stm32f410rx.o(.text) referenced from startup_stm32f410rx.o(RESET)
 <LI><a href="#[d]">RTC_WKUP_IRQHandler</a> from startup_stm32f410rx.o(.text) referenced from startup_stm32f410rx.o(RESET)
 <LI><a href="#[0]">Reset_Handler</a> from startup_stm32f410rx.o(.text) referenced from startup_stm32f410rx.o(RESET)
 <LI><a href="#[26]">SPI1_IRQHandler</a> from startup_stm32f410rx.o(.text) referenced from startup_stm32f410rx.o(RESET)
 <LI><a href="#[27]">SPI2_IRQHandler</a> from startup_stm32f410rx.o(.text) referenced from startup_stm32f410rx.o(RESET)
 <LI><a href="#[3a]">SPI5_IRQHandler</a> from startup_stm32f410rx.o(.text) referenced from startup_stm32f410rx.o(RESET)
 <LI><a href="#[6]">SVC_Handler</a> from startup_stm32f410rx.o(.text) referenced from startup_stm32f410rx.o(RESET)
 <LI><a href="#[9]">SysTick_Handler</a> from delay.o(.text.SysTick_Handler) referenced from startup_stm32f410rx.o(RESET)
 <LI><a href="#[3e]">SystemInit</a> from system_stm32f4xx.o(.text.SystemInit) referenced from startup_stm32f410rx.o(.text)
 <LI><a href="#[c]">TAMP_STAMP_IRQHandler</a> from startup_stm32f410rx.o(.text) referenced from startup_stm32f410rx.o(RESET)
 <LI><a href="#[1e]">TIM1_BRK_TIM9_IRQHandler</a> from startup_stm32f410rx.o(.text) referenced from startup_stm32f410rx.o(RESET)
 <LI><a href="#[21]">TIM1_CC_IRQHandler</a> from startup_stm32f410rx.o(.text) referenced from startup_stm32f410rx.o(RESET)
 <LI><a href="#[20]">TIM1_TRG_COM_TIM11_IRQHandler</a> from startup_stm32f410rx.o(.text) referenced from startup_stm32f410rx.o(RESET)
 <LI><a href="#[1f]">TIM1_UP_IRQHandler</a> from startup_stm32f410rx.o(.text) referenced from startup_stm32f410rx.o(RESET)
 <LI><a href="#[2d]">TIM5_IRQHandler</a> from startup_stm32f410rx.o(.text) referenced from startup_stm32f410rx.o(RESET)
 <LI><a href="#[2e]">TIM6_DAC_IRQHandler</a> from startup_stm32f410rx.o(.text) referenced from startup_stm32f410rx.o(RESET)
 <LI><a href="#[28]">USART1_IRQHandler</a> from uart.o(.text.USART1_IRQHandler) referenced from startup_stm32f410rx.o(RESET)
 <LI><a href="#[29]">USART2_IRQHandler</a> from startup_stm32f410rx.o(.text) referenced from startup_stm32f410rx.o(RESET)
 <LI><a href="#[37]">USART6_IRQHandler</a> from startup_stm32f410rx.o(.text) referenced from startup_stm32f410rx.o(RESET)
 <LI><a href="#[5]">UsageFault_Handler</a> from startup_stm32f410rx.o(.text) referenced from startup_stm32f410rx.o(RESET)
 <LI><a href="#[a]">WWDG_IRQHandler</a> from startup_stm32f410rx.o(.text) referenced from startup_stm32f410rx.o(RESET)
 <LI><a href="#[3f]">__main</a> from __main.o(!!!main) referenced from startup_stm32f410rx.o(.text)
 <LI><a href="#[42]">lcd_cmd</a> from lcd.o(.text.lcd_cmd) referenced from lcd.o(.text.LCD_Init)
 <LI><a href="#[41]">lcd_send4</a> from lcd.o(.text.lcd_send4) referenced from lcd.o(.text.LCD_Init)
</UL>
<P>
<H3>
Global Symbols
</H3>
<P><STRONG><a name="[3f]"></a>__main</STRONG> (Thumb, 8 bytes, Stack size 0 bytes, __main.o(!!!main))
<BR><BR>[Calls]<UL><LI><a href="#[47]">&gt;&gt;</a>&nbsp;&nbsp;&nbsp;__rt_entry
<LI><a href="#[46]">&gt;&gt;</a>&nbsp;&nbsp;&nbsp;__scatterload
</UL>
<BR>[Address Reference Count : 1]<UL><LI> startup_stm32f410rx.o(.text)
</UL>
<P><STRONG><a name="[46]"></a>__scatterload</STRONG> (Thumb, 0 bytes, Stack size unknown bytes, __scatter.o(!!!scatter))
<BR><BR>[Called By]<UL><LI><a href="#[3f]">&gt;&gt;</a>&nbsp;&nbsp;&nbsp;__main
</UL>

<P><STRONG><a name="[48]"></a>__scatterload_rt2</STRONG> (Thumb, 44 bytes, Stack size unknown bytes, __scatter.o(!!!scatter), UNUSED)
<BR><BR>[Calls]<UL><LI><a href="#[47]">&gt;&gt;</a>&nbsp;&nbsp;&nbsp;__rt_entry
</UL>

<P><STRONG><a name="[ad]"></a>__scatterload_rt2_thumb_only</STRONG> (Thumb, 0 bytes, Stack size unknown bytes, __scatter.o(!!!scatter), UNUSED)

<P><STRONG><a name="[ae]"></a>__scatterload_null</STRONG> (Thumb, 0 bytes, Stack size unknown bytes, __scatter.o(!!!scatter), UNUSED)

<P><STRONG><a name="[49]"></a>__scatterload_copy</STRONG> (Thumb, 26 bytes, Stack size unknown bytes, __scatter_copy.o(!!handler_copy), UNUSED)
<BR><BR>[Calls]<UL><LI><a href="#[49]">&gt;&gt;</a>&nbsp;&nbsp;&nbsp;__scatterload_copy
</UL>
<BR>[Called By]<UL><LI><a href="#[49]">&gt;&gt;</a>&nbsp;&nbsp;&nbsp;__scatterload_copy
</UL>

<P><STRONG><a name="[af]"></a>__scatterload_zeroinit</STRONG> (Thumb, 28 bytes, Stack size unknown bytes, __scatter_zi.o(!!handler_zi), UNUSED)

<P><STRONG><a name="[4f]"></a>__rt_lib_init</STRONG> (Thumb, 0 bytes, Stack size unknown bytes, libinit.o(.ARM.Collect$$libinit$$00000000))
<BR><BR>[Called By]<UL><LI><a href="#[4e]">&gt;&gt;</a>&nbsp;&nbsp;&nbsp;__rt_entry_li
</UL>

<P><STRONG><a name="[4a]"></a>__rt_lib_init_fp_1</STRONG> (Thumb, 0 bytes, Stack size unknown bytes, libinit2.o(.ARM.Collect$$libinit$$00000001))
<BR><BR>[Calls]<UL><LI><a href="#[4b]">&gt;&gt;</a>&nbsp;&nbsp;&nbsp;_fp_init
</UL>

<P><STRONG><a name="[b0]"></a>__rt_lib_init_alloca_1</STRONG> (Thumb, 0 bytes, Stack size unknown bytes, libinit2.o(.ARM.Collect$$libinit$$0000002E))

<P><STRONG><a name="[b1]"></a>__rt_lib_init_argv_1</STRONG> (Thumb, 0 bytes, Stack size unknown bytes, libinit2.o(.ARM.Collect$$libinit$$0000002C))

<P><STRONG><a name="[b2]"></a>__rt_lib_init_atexit_1</STRONG> (Thumb, 0 bytes, Stack size unknown bytes, libinit2.o(.ARM.Collect$$libinit$$0000001B))

<P><STRONG><a name="[b3]"></a>__rt_lib_init_clock_1</STRONG> (Thumb, 0 bytes, Stack size unknown bytes, libinit2.o(.ARM.Collect$$libinit$$00000021))

<P><STRONG><a name="[b4]"></a>__rt_lib_init_cpp_1</STRONG> (Thumb, 0 bytes, Stack size unknown bytes, libinit2.o(.ARM.Collect$$libinit$$00000032))

<P><STRONG><a name="[b5]"></a>__rt_lib_init_exceptions_1</STRONG> (Thumb, 0 bytes, Stack size unknown bytes, libinit2.o(.ARM.Collect$$libinit$$00000030))

<P><STRONG><a name="[b6]"></a>__rt_lib_init_fp_trap_1</STRONG> (Thumb, 0 bytes, Stack size unknown bytes, libinit2.o(.ARM.Collect$$libinit$$0000001F))

<P><STRONG><a name="[b7]"></a>__rt_lib_init_getenv_1</STRONG> (Thumb, 0 bytes, Stack size unknown bytes, libinit2.o(.ARM.Collect$$libinit$$00000023))

<P><STRONG><a name="[b8]"></a>__rt_lib_init_heap_1</STRONG> (Thumb, 0 bytes, Stack size unknown bytes, libinit2.o(.ARM.Collect$$libinit$$0000000A))

<P><STRONG><a name="[b9]"></a>__rt_lib_init_lc_collate_1</STRONG> (Thumb, 0 bytes, Stack size unknown bytes, libinit2.o(.ARM.Collect$$libinit$$00000011))

<P><STRONG><a name="[ba]"></a>__rt_lib_init_lc_ctype_1</STRONG> (Thumb, 0 bytes, Stack size unknown bytes, libinit2.o(.ARM.Collect$$libinit$$00000013))

<P><STRONG><a name="[bb]"></a>__rt_lib_init_lc_monetary_1</STRONG> (Thumb, 0 bytes, Stack size unknown bytes, libinit2.o(.ARM.Collect$$libinit$$00000015))

<P><STRONG><a name="[bc]"></a>__rt_lib_init_lc_numeric_1</STRONG> (Thumb, 0 bytes, Stack size unknown bytes, libinit2.o(.ARM.Collect$$libinit$$00000017))

<P><STRONG><a name="[bd]"></a>__rt_lib_init_lc_time_1</STRONG> (Thumb, 0 bytes, Stack size unknown bytes, libinit2.o(.ARM.Collect$$libinit$$00000019))

<P><STRONG><a name="[be]"></a>__rt_lib_init_preinit_1</STRONG> (Thumb, 0 bytes, Stack size unknown bytes, libinit2.o(.ARM.Collect$$libinit$$00000004))

<P><STRONG><a name="[bf]"></a>__rt_lib_init_rand_1</STRONG> (Thumb, 0 bytes, Stack size unknown bytes, libinit2.o(.ARM.Collect$$libinit$$0000000E))

<P><STRONG><a name="[c0]"></a>__rt_lib_init_return</STRONG> (Thumb, 0 bytes, Stack size unknown bytes, libinit2.o(.ARM.Collect$$libinit$$00000033))

<P><STRONG><a name="[c1]"></a>__rt_lib_init_signal_1</STRONG> (Thumb, 0 bytes, Stack size unknown bytes, libinit2.o(.ARM.Collect$$libinit$$0000001D))

<P><STRONG><a name="[c2]"></a>__rt_lib_init_stdio_1</STRONG> (Thumb, 0 bytes, Stack size unknown bytes, libinit2.o(.ARM.Collect$$libinit$$00000025))

<P><STRONG><a name="[c3]"></a>__rt_lib_init_user_alloc_1</STRONG> (Thumb, 0 bytes, Stack size unknown bytes, libinit2.o(.ARM.Collect$$libinit$$0000000C))

<P><STRONG><a name="[54]"></a>__rt_lib_shutdown</STRONG> (Thumb, 0 bytes, Stack size unknown bytes, libshutdown.o(.ARM.Collect$$libshutdown$$00000000))
<BR><BR>[Called By]<UL><LI><a href="#[53]">&gt;&gt;</a>&nbsp;&nbsp;&nbsp;__rt_exit_ls
</UL>

<P><STRONG><a name="[c4]"></a>__rt_lib_shutdown_cpp_1</STRONG> (Thumb, 0 bytes, Stack size unknown bytes, libshutdown2.o(.ARM.Collect$$libshutdown$$00000002))

<P><STRONG><a name="[c5]"></a>__rt_lib_shutdown_fp_trap_1</STRONG> (Thumb, 0 bytes, Stack size unknown bytes, libshutdown2.o(.ARM.Collect$$libshutdown$$00000007))

<P><STRONG><a name="[c6]"></a>__rt_lib_shutdown_heap_1</STRONG> (Thumb, 0 bytes, Stack size unknown bytes, libshutdown2.o(.ARM.Collect$$libshutdown$$0000000F))

<P><STRONG><a name="[c7]"></a>__rt_lib_shutdown_return</STRONG> (Thumb, 0 bytes, Stack size unknown bytes, libshutdown2.o(.ARM.Collect$$libshutdown$$00000010))

<P><STRONG><a name="[c8]"></a>__rt_lib_shutdown_signal_1</STRONG> (Thumb, 0 bytes, Stack size unknown bytes, libshutdown2.o(.ARM.Collect$$libshutdown$$0000000A))

<P><STRONG><a name="[c9]"></a>__rt_lib_shutdown_stdio_1</STRONG> (Thumb, 0 bytes, Stack size unknown bytes, libshutdown2.o(.ARM.Collect$$libshutdown$$00000004))

<P><STRONG><a name="[ca]"></a>__rt_lib_shutdown_user_alloc_1</STRONG> (Thumb, 0 bytes, Stack size unknown bytes, libshutdown2.o(.ARM.Collect$$libshutdown$$0000000C))

<P><STRONG><a name="[47]"></a>__rt_entry</STRONG> (Thumb, 0 bytes, Stack size unknown bytes, __rtentry.o(.ARM.Collect$$rtentry$$00000000))
<BR><BR>[Called By]<UL><LI><a href="#[3f]">&gt;&gt;</a>&nbsp;&nbsp;&nbsp;__main
<LI><a href="#[48]">&gt;&gt;</a>&nbsp;&nbsp;&nbsp;__scatterload_rt2
</UL>

<P><STRONG><a name="[cb]"></a>__rt_entry_presh_1</STRONG> (Thumb, 0 bytes, Stack size unknown bytes, __rtentry2.o(.ARM.Collect$$rtentry$$00000002))

<P><STRONG><a name="[4c]"></a>__rt_entry_sh</STRONG> (Thumb, 0 bytes, Stack size unknown bytes, __rtentry4.o(.ARM.Collect$$rtentry$$00000004))
<BR><BR>[Stack]<UL><LI>Max Depth = 8 + Unknown Stack Size
<LI>Call Chain = __rt_entry_sh &rArr; __user_setup_stackheap
</UL>
<BR>[Calls]<UL><LI><a href="#[4d]">&gt;&gt;</a>&nbsp;&nbsp;&nbsp;__user_setup_stackheap
</UL>

<P><STRONG><a name="[4e]"></a>__rt_entry_li</STRONG> (Thumb, 0 bytes, Stack size unknown bytes, __rtentry2.o(.ARM.Collect$$rtentry$$0000000A))
<BR><BR>[Calls]<UL><LI><a href="#[4f]">&gt;&gt;</a>&nbsp;&nbsp;&nbsp;__rt_lib_init
</UL>

<P><STRONG><a name="[cc]"></a>__rt_entry_postsh_1</STRONG> (Thumb, 0 bytes, Stack size unknown bytes, __rtentry2.o(.ARM.Collect$$rtentry$$00000009))

<P><STRONG><a name="[50]"></a>__rt_entry_main</STRONG> (Thumb, 0 bytes, Stack size unknown bytes, __rtentry2.o(.ARM.Collect$$rtentry$$0000000D))
<BR><BR>[Stack]<UL><LI>Max Depth = 432 + Unknown Stack Size
<LI>Call Chain = __rt_entry_main &rArr; main &rArr; Modbus_Task &rArr; Modbus_ProcessFrame &rArr; ProcessReadInputRegisters &rArr; Modbus_SendErrorResponse &rArr; UART_Send
</UL>
<BR>[Calls]<UL><LI><a href="#[51]">&gt;&gt;</a>&nbsp;&nbsp;&nbsp;main
<LI><a href="#[52]">&gt;&gt;</a>&nbsp;&nbsp;&nbsp;exit
</UL>

<P><STRONG><a name="[cd]"></a>__rt_entry_postli_1</STRONG> (Thumb, 0 bytes, Stack size unknown bytes, __rtentry2.o(.ARM.Collect$$rtentry$$0000000C))

<P><STRONG><a name="[5c]"></a>__rt_exit</STRONG> (Thumb, 0 bytes, Stack size unknown bytes, rtexit.o(.ARM.Collect$$rtexit$$00000000))
<BR><BR>[Called By]<UL><LI><a href="#[52]">&gt;&gt;</a>&nbsp;&nbsp;&nbsp;exit
</UL>

<P><STRONG><a name="[53]"></a>__rt_exit_ls</STRONG> (Thumb, 0 bytes, Stack size unknown bytes, rtexit2.o(.ARM.Collect$$rtexit$$00000003))
<BR><BR>[Calls]<UL><LI><a href="#[54]">&gt;&gt;</a>&nbsp;&nbsp;&nbsp;__rt_lib_shutdown
</UL>

<P><STRONG><a name="[ce]"></a>__rt_exit_prels_1</STRONG> (Thumb, 0 bytes, Stack size unknown bytes, rtexit2.o(.ARM.Collect$$rtexit$$00000002))

<P><STRONG><a name="[55]"></a>__rt_exit_exit</STRONG> (Thumb, 0 bytes, Stack size unknown bytes, rtexit2.o(.ARM.Collect$$rtexit$$00000004))
<BR><BR>[Calls]<UL><LI><a href="#[56]">&gt;&gt;</a>&nbsp;&nbsp;&nbsp;_sys_exit
</UL>

<P><STRONG><a name="[0]"></a>Reset_Handler</STRONG> (Thumb, 8 bytes, Stack size 0 bytes, startup_stm32f410rx.o(.text))
<BR>[Address Reference Count : 1]<UL><LI> startup_stm32f410rx.o(RESET)
</UL>
<P><STRONG><a name="[2]"></a>HardFault_Handler</STRONG> (Thumb, 2 bytes, Stack size 0 bytes, startup_stm32f410rx.o(.text))
<BR><BR>[Calls]<UL><LI><a href="#[2]">&gt;&gt;</a>&nbsp;&nbsp;&nbsp;HardFault_Handler
</UL>
<BR>[Called By]<UL><LI><a href="#[2]">&gt;&gt;</a>&nbsp;&nbsp;&nbsp;HardFault_Handler
</UL>
<BR>[Address Reference Count : 1]<UL><LI> startup_stm32f410rx.o(RESET)
</UL>
<P><STRONG><a name="[3]"></a>MemManage_Handler</STRONG> (Thumb, 2 bytes, Stack size 0 bytes, startup_stm32f410rx.o(.text))
<BR><BR>[Calls]<UL><LI><a href="#[3]">&gt;&gt;</a>&nbsp;&nbsp;&nbsp;MemManage_Handler
</UL>
<BR>[Called By]<UL><LI><a href="#[3]">&gt;&gt;</a>&nbsp;&nbsp;&nbsp;MemManage_Handler
</UL>
<BR>[Address Reference Count : 1]<UL><LI> startup_stm32f410rx.o(RESET)
</UL>
<P><STRONG><a name="[4]"></a>BusFault_Handler</STRONG> (Thumb, 2 bytes, Stack size 0 bytes, startup_stm32f410rx.o(.text))
<BR><BR>[Calls]<UL><LI><a href="#[4]">&gt;&gt;</a>&nbsp;&nbsp;&nbsp;BusFault_Handler
</UL>
<BR>[Called By]<UL><LI><a href="#[4]">&gt;&gt;</a>&nbsp;&nbsp;&nbsp;BusFault_Handler
</UL>
<BR>[Address Reference Count : 1]<UL><LI> startup_stm32f410rx.o(RESET)
</UL>
<P><STRONG><a name="[5]"></a>UsageFault_Handler</STRONG> (Thumb, 2 bytes, Stack size 0 bytes, startup_stm32f410rx.o(.text))
<BR><BR>[Calls]<UL><LI><a href="#[5]">&gt;&gt;</a>&nbsp;&nbsp;&nbsp;UsageFault_Handler
</UL>
<BR>[Called By]<UL><LI><a href="#[5]">&gt;&gt;</a>&nbsp;&nbsp;&nbsp;UsageFault_Handler
</UL>
<BR>[Address Reference Count : 1]<UL><LI> startup_stm32f410rx.o(RESET)
</UL>
<P><STRONG><a name="[6]"></a>SVC_Handler</STRONG> (Thumb, 2 bytes, Stack size 0 bytes, startup_stm32f410rx.o(.text))
<BR><BR>[Calls]<UL><LI><a href="#[6]">&gt;&gt;</a>&nbsp;&nbsp;&nbsp;SVC_Handler
</UL>
<BR>[Called By]<UL><LI><a href="#[6]">&gt;&gt;</a>&nbsp;&nbsp;&nbsp;SVC_Handler
</UL>
<BR>[Address Reference Count : 1]<UL><LI> startup_stm32f410rx.o(RESET)
</UL>
<P><STRONG><a name="[7]"></a>DebugMon_Handler</STRONG> (Thumb, 2 bytes, Stack size 0 bytes, startup_stm32f410rx.o(.text))
<BR><BR>[Calls]<UL><LI><a href="#[7]">&gt;&gt;</a>&nbsp;&nbsp;&nbsp;DebugMon_Handler
</UL>
<BR>[Called By]<UL><LI><a href="#[7]">&gt;&gt;</a>&nbsp;&nbsp;&nbsp;DebugMon_Handler
</UL>
<BR>[Address Reference Count : 1]<UL><LI> startup_stm32f410rx.o(RESET)
</UL>
<P><STRONG><a name="[8]"></a>PendSV_Handler</STRONG> (Thumb, 2 bytes, Stack size 0 bytes, startup_stm32f410rx.o(.text))
<BR><BR>[Calls]<UL><LI><a href="#[8]">&gt;&gt;</a>&nbsp;&nbsp;&nbsp;PendSV_Handler
</UL>
<BR>[Called By]<UL><LI><a href="#[8]">&gt;&gt;</a>&nbsp;&nbsp;&nbsp;PendSV_Handler
</UL>
<BR>[Address Reference Count : 1]<UL><LI> startup_stm32f410rx.o(RESET)
</UL>
<P><STRONG><a name="[1c]"></a>ADC_IRQHandler</STRONG> (Thumb, 0 bytes, Stack size 0 bytes, startup_stm32f410rx.o(.text))
<BR><BR>[Calls]<UL><LI><a href="#[1c]">&gt;&gt;</a>&nbsp;&nbsp;&nbsp;ADC_IRQHandler
</UL>
<BR>[Called By]<UL><LI><a href="#[1c]">&gt;&gt;</a>&nbsp;&nbsp;&nbsp;ADC_IRQHandler
</UL>
<BR>[Address Reference Count : 1]<UL><LI> startup_stm32f410rx.o(RESET)
</UL>
<P><STRONG><a name="[15]"></a>DMA1_Stream0_IRQHandler</STRONG> (Thumb, 0 bytes, Stack size 0 bytes, startup_stm32f410rx.o(.text))
<BR>[Address Reference Count : 1]<UL><LI> startup_stm32f410rx.o(RESET)
</UL>
<P><STRONG><a name="[16]"></a>DMA1_Stream1_IRQHandler</STRONG> (Thumb, 0 bytes, Stack size 0 bytes, startup_stm32f410rx.o(.text))
<BR>[Address Reference Count : 1]<UL><LI> startup_stm32f410rx.o(RESET)
</UL>
<P><STRONG><a name="[17]"></a>DMA1_Stream2_IRQHandler</STRONG> (Thumb, 0 bytes, Stack size 0 bytes, startup_stm32f410rx.o(.text))
<BR>[Address Reference Count : 1]<UL><LI> startup_stm32f410rx.o(RESET)
</UL>
<P><STRONG><a name="[18]"></a>DMA1_Stream3_IRQHandler</STRONG> (Thumb, 0 bytes, Stack size 0 bytes, startup_stm32f410rx.o(.text))
<BR>[Address Reference Count : 1]<UL><LI> startup_stm32f410rx.o(RESET)
</UL>
<P><STRONG><a name="[19]"></a>DMA1_Stream4_IRQHandler</STRONG> (Thumb, 0 bytes, Stack size 0 bytes, startup_stm32f410rx.o(.text))
<BR>[Address Reference Count : 1]<UL><LI> startup_stm32f410rx.o(RESET)
</UL>
<P><STRONG><a name="[1a]"></a>DMA1_Stream5_IRQHandler</STRONG> (Thumb, 0 bytes, Stack size 0 bytes, startup_stm32f410rx.o(.text))
<BR>[Address Reference Count : 1]<UL><LI> startup_stm32f410rx.o(RESET)
</UL>
<P><STRONG><a name="[1b]"></a>DMA1_Stream6_IRQHandler</STRONG> (Thumb, 0 bytes, Stack size 0 bytes, startup_stm32f410rx.o(.text))
<BR>[Address Reference Count : 1]<UL><LI> startup_stm32f410rx.o(RESET)
</UL>
<P><STRONG><a name="[2c]"></a>DMA1_Stream7_IRQHandler</STRONG> (Thumb, 0 bytes, Stack size 0 bytes, startup_stm32f410rx.o(.text))
<BR>[Address Reference Count : 1]<UL><LI> startup_stm32f410rx.o(RESET)
</UL>
<P><STRONG><a name="[2f]"></a>DMA2_Stream0_IRQHandler</STRONG> (Thumb, 0 bytes, Stack size 0 bytes, startup_stm32f410rx.o(.text))
<BR>[Address Reference Count : 1]<UL><LI> startup_stm32f410rx.o(RESET)
</UL>
<P><STRONG><a name="[30]"></a>DMA2_Stream1_IRQHandler</STRONG> (Thumb, 0 bytes, Stack size 0 bytes, startup_stm32f410rx.o(.text))
<BR>[Address Reference Count : 1]<UL><LI> startup_stm32f410rx.o(RESET)
</UL>
<P><STRONG><a name="[31]"></a>DMA2_Stream2_IRQHandler</STRONG> (Thumb, 0 bytes, Stack size 0 bytes, startup_stm32f410rx.o(.text))
<BR>[Address Reference Count : 1]<UL><LI> startup_stm32f410rx.o(RESET)
</UL>
<P><STRONG><a name="[32]"></a>DMA2_Stream3_IRQHandler</STRONG> (Thumb, 0 bytes, Stack size 0 bytes, startup_stm32f410rx.o(.text))
<BR>[Address Reference Count : 1]<UL><LI> startup_stm32f410rx.o(RESET)
</UL>
<P><STRONG><a name="[33]"></a>DMA2_Stream4_IRQHandler</STRONG> (Thumb, 0 bytes, Stack size 0 bytes, startup_stm32f410rx.o(.text))
<BR>[Address Reference Count : 1]<UL><LI> startup_stm32f410rx.o(RESET)
</UL>
<P><STRONG><a name="[34]"></a>DMA2_Stream5_IRQHandler</STRONG> (Thumb, 0 bytes, Stack size 0 bytes, startup_stm32f410rx.o(.text))
<BR>[Address Reference Count : 1]<UL><LI> startup_stm32f410rx.o(RESET)
</UL>
<P><STRONG><a name="[35]"></a>DMA2_Stream6_IRQHandler</STRONG> (Thumb, 0 bytes, Stack size 0 bytes, startup_stm32f410rx.o(.text))
<BR>[Address Reference Count : 1]<UL><LI> startup_stm32f410rx.o(RESET)
</UL>
<P><STRONG><a name="[10]"></a>EXTI0_IRQHandler</STRONG> (Thumb, 0 bytes, Stack size 0 bytes, startup_stm32f410rx.o(.text))
<BR>[Address Reference Count : 1]<UL><LI> startup_stm32f410rx.o(RESET)
</UL>
<P><STRONG><a name="[2a]"></a>EXTI15_10_IRQHandler</STRONG> (Thumb, 0 bytes, Stack size 0 bytes, startup_stm32f410rx.o(.text))
<BR>[Address Reference Count : 1]<UL><LI> startup_stm32f410rx.o(RESET)
</UL>
<P><STRONG><a name="[11]"></a>EXTI1_IRQHandler</STRONG> (Thumb, 0 bytes, Stack size 0 bytes, startup_stm32f410rx.o(.text))
<BR>[Address Reference Count : 1]<UL><LI> startup_stm32f410rx.o(RESET)
</UL>
<P><STRONG><a name="[12]"></a>EXTI2_IRQHandler</STRONG> (Thumb, 0 bytes, Stack size 0 bytes, startup_stm32f410rx.o(.text))
<BR>[Address Reference Count : 1]<UL><LI> startup_stm32f410rx.o(RESET)
</UL>
<P><STRONG><a name="[13]"></a>EXTI3_IRQHandler</STRONG> (Thumb, 0 bytes, Stack size 0 bytes, startup_stm32f410rx.o(.text))
<BR>[Address Reference Count : 1]<UL><LI> startup_stm32f410rx.o(RESET)
</UL>
<P><STRONG><a name="[14]"></a>EXTI4_IRQHandler</STRONG> (Thumb, 0 bytes, Stack size 0 bytes, startup_stm32f410rx.o(.text))
<BR>[Address Reference Count : 1]<UL><LI> startup_stm32f410rx.o(RESET)
</UL>
<P><STRONG><a name="[1d]"></a>EXTI9_5_IRQHandler</STRONG> (Thumb, 0 bytes, Stack size 0 bytes, startup_stm32f410rx.o(.text))
<BR>[Address Reference Count : 1]<UL><LI> startup_stm32f410rx.o(RESET)
</UL>
<P><STRONG><a name="[e]"></a>FLASH_IRQHandler</STRONG> (Thumb, 0 bytes, Stack size 0 bytes, startup_stm32f410rx.o(.text))
<BR>[Address Reference Count : 1]<UL><LI> startup_stm32f410rx.o(RESET)
</UL>
<P><STRONG><a name="[3c]"></a>FMPI2C1_ER_IRQHandler</STRONG> (Thumb, 0 bytes, Stack size 0 bytes, startup_stm32f410rx.o(.text))
<BR>[Address Reference Count : 1]<UL><LI> startup_stm32f410rx.o(RESET)
</UL>
<P><STRONG><a name="[3b]"></a>FMPI2C1_EV_IRQHandler</STRONG> (Thumb, 0 bytes, Stack size 0 bytes, startup_stm32f410rx.o(.text))
<BR>[Address Reference Count : 1]<UL><LI> startup_stm32f410rx.o(RESET)
</UL>
<P><STRONG><a name="[39]"></a>FPU_IRQHandler</STRONG> (Thumb, 0 bytes, Stack size 0 bytes, startup_stm32f410rx.o(.text))
<BR>[Address Reference Count : 1]<UL><LI> startup_stm32f410rx.o(RESET)
</UL>
<P><STRONG><a name="[23]"></a>I2C1_ER_IRQHandler</STRONG> (Thumb, 0 bytes, Stack size 0 bytes, startup_stm32f410rx.o(.text))
<BR>[Address Reference Count : 1]<UL><LI> startup_stm32f410rx.o(RESET)
</UL>
<P><STRONG><a name="[22]"></a>I2C1_EV_IRQHandler</STRONG> (Thumb, 0 bytes, Stack size 0 bytes, startup_stm32f410rx.o(.text))
<BR>[Address Reference Count : 1]<UL><LI> startup_stm32f410rx.o(RESET)
</UL>
<P><STRONG><a name="[25]"></a>I2C2_ER_IRQHandler</STRONG> (Thumb, 0 bytes, Stack size 0 bytes, startup_stm32f410rx.o(.text))
<BR>[Address Reference Count : 1]<UL><LI> startup_stm32f410rx.o(RESET)
</UL>
<P><STRONG><a name="[24]"></a>I2C2_EV_IRQHandler</STRONG> (Thumb, 0 bytes, Stack size 0 bytes, startup_stm32f410rx.o(.text))
<BR>[Address Reference Count : 1]<UL><LI> startup_stm32f410rx.o(RESET)
</UL>
<P><STRONG><a name="[3d]"></a>LPTIM1_IRQHandler</STRONG> (Thumb, 0 bytes, Stack size 0 bytes, startup_stm32f410rx.o(.text))
<BR>[Address Reference Count : 1]<UL><LI> startup_stm32f410rx.o(RESET)
</UL>
<P><STRONG><a name="[b]"></a>PVD_IRQHandler</STRONG> (Thumb, 0 bytes, Stack size 0 bytes, startup_stm32f410rx.o(.text))
<BR>[Address Reference Count : 1]<UL><LI> startup_stm32f410rx.o(RESET)
</UL>
<P><STRONG><a name="[f]"></a>RCC_IRQHandler</STRONG> (Thumb, 0 bytes, Stack size 0 bytes, startup_stm32f410rx.o(.text))
<BR>[Address Reference Count : 1]<UL><LI> startup_stm32f410rx.o(RESET)
</UL>
<P><STRONG><a name="[38]"></a>RNG_IRQHandler</STRONG> (Thumb, 0 bytes, Stack size 0 bytes, startup_stm32f410rx.o(.text))
<BR>[Address Reference Count : 1]<UL><LI> startup_stm32f410rx.o(RESET)
</UL>
<P><STRONG><a name="[2b]"></a>RTC_Alarm_IRQHandler</STRONG> (Thumb, 0 bytes, Stack size 0 bytes, startup_stm32f410rx.o(.text))
<BR>[Address Reference Count : 1]<UL><LI> startup_stm32f410rx.o(RESET)
</UL>
<P><STRONG><a name="[d]"></a>RTC_WKUP_IRQHandler</STRONG> (Thumb, 0 bytes, Stack size 0 bytes, startup_stm32f410rx.o(.text))
<BR>[Address Reference Count : 1]<UL><LI> startup_stm32f410rx.o(RESET)
</UL>
<P><STRONG><a name="[26]"></a>SPI1_IRQHandler</STRONG> (Thumb, 0 bytes, Stack size 0 bytes, startup_stm32f410rx.o(.text))
<BR>[Address Reference Count : 1]<UL><LI> startup_stm32f410rx.o(RESET)
</UL>
<P><STRONG><a name="[27]"></a>SPI2_IRQHandler</STRONG> (Thumb, 0 bytes, Stack size 0 bytes, startup_stm32f410rx.o(.text))
<BR>[Address Reference Count : 1]<UL><LI> startup_stm32f410rx.o(RESET)
</UL>
<P><STRONG><a name="[3a]"></a>SPI5_IRQHandler</STRONG> (Thumb, 0 bytes, Stack size 0 bytes, startup_stm32f410rx.o(.text))
<BR>[Address Reference Count : 1]<UL><LI> startup_stm32f410rx.o(RESET)
</UL>
<P><STRONG><a name="[c]"></a>TAMP_STAMP_IRQHandler</STRONG> (Thumb, 0 bytes, Stack size 0 bytes, startup_stm32f410rx.o(.text))
<BR>[Address Reference Count : 1]<UL><LI> startup_stm32f410rx.o(RESET)
</UL>
<P><STRONG><a name="[1e]"></a>TIM1_BRK_TIM9_IRQHandler</STRONG> (Thumb, 0 bytes, Stack size 0 bytes, startup_stm32f410rx.o(.text))
<BR>[Address Reference Count : 1]<UL><LI> startup_stm32f410rx.o(RESET)
</UL>
<P><STRONG><a name="[21]"></a>TIM1_CC_IRQHandler</STRONG> (Thumb, 0 bytes, Stack size 0 bytes, startup_stm32f410rx.o(.text))
<BR>[Address Reference Count : 1]<UL><LI> startup_stm32f410rx.o(RESET)
</UL>
<P><STRONG><a name="[20]"></a>TIM1_TRG_COM_TIM11_IRQHandler</STRONG> (Thumb, 0 bytes, Stack size 0 bytes, startup_stm32f410rx.o(.text))
<BR>[Address Reference Count : 1]<UL><LI> startup_stm32f410rx.o(RESET)
</UL>
<P><STRONG><a name="[1f]"></a>TIM1_UP_IRQHandler</STRONG> (Thumb, 0 bytes, Stack size 0 bytes, startup_stm32f410rx.o(.text))
<BR>[Address Reference Count : 1]<UL><LI> startup_stm32f410rx.o(RESET)
</UL>
<P><STRONG><a name="[2d]"></a>TIM5_IRQHandler</STRONG> (Thumb, 0 bytes, Stack size 0 bytes, startup_stm32f410rx.o(.text))
<BR>[Address Reference Count : 1]<UL><LI> startup_stm32f410rx.o(RESET)
</UL>
<P><STRONG><a name="[2e]"></a>TIM6_DAC_IRQHandler</STRONG> (Thumb, 0 bytes, Stack size 0 bytes, startup_stm32f410rx.o(.text))
<BR>[Address Reference Count : 1]<UL><LI> startup_stm32f410rx.o(RESET)
</UL>
<P><STRONG><a name="[29]"></a>USART2_IRQHandler</STRONG> (Thumb, 0 bytes, Stack size 0 bytes, startup_stm32f410rx.o(.text))
<BR>[Address Reference Count : 1]<UL><LI> startup_stm32f410rx.o(RESET)
</UL>
<P><STRONG><a name="[37]"></a>USART6_IRQHandler</STRONG> (Thumb, 0 bytes, Stack size 0 bytes, startup_stm32f410rx.o(.text))
<BR>[Address Reference Count : 1]<UL><LI> startup_stm32f410rx.o(RESET)
</UL>
<P><STRONG><a name="[a]"></a>WWDG_IRQHandler</STRONG> (Thumb, 0 bytes, Stack size 0 bytes, startup_stm32f410rx.o(.text))
<BR>[Address Reference Count : 1]<UL><LI> startup_stm32f410rx.o(RESET)
</UL>
<P><STRONG><a name="[45]"></a>__user_initial_stackheap</STRONG> (Thumb, 0 bytes, Stack size unknown bytes, startup_stm32f410rx.o(.text))
<BR><BR>[Called By]<UL><LI><a href="#[4d]">&gt;&gt;</a>&nbsp;&nbsp;&nbsp;__user_setup_stackheap
</UL>

<P><STRONG><a name="[66]"></a>memcmp</STRONG> (Thumb, 88 bytes, Stack size 8 bytes, memcmp.o(.text))
<BR><BR>[Stack]<UL><LI>Max Depth = 8<LI>Call Chain = memcmp
</UL>
<BR>[Called By]<UL><LI><a href="#[63]">&gt;&gt;</a>&nbsp;&nbsp;&nbsp;Config_SaveToFlash
</UL>

<P><STRONG><a name="[9c]"></a>__aeabi_memcpy</STRONG> (Thumb, 0 bytes, Stack size 0 bytes, rt_memcpy_v6.o(.text))
<BR><BR>[Called By]<UL><LI><a href="#[83]">&gt;&gt;</a>&nbsp;&nbsp;&nbsp;UART_Send
</UL>

<P><STRONG><a name="[57]"></a>__rt_memcpy</STRONG> (Thumb, 138 bytes, Stack size 0 bytes, rt_memcpy_v6.o(.text), UNUSED)
<BR><BR>[Calls]<UL><LI><a href="#[58]">&gt;&gt;</a>&nbsp;&nbsp;&nbsp;__aeabi_memcpy4
</UL>

<P><STRONG><a name="[cf]"></a>_memcpy_lastbytes</STRONG> (Thumb, 0 bytes, Stack size unknown bytes, rt_memcpy_v6.o(.text), UNUSED)

<P><STRONG><a name="[58]"></a>__aeabi_memcpy4</STRONG> (Thumb, 0 bytes, Stack size 8 bytes, rt_memcpy_w.o(.text))
<BR><BR>[Stack]<UL><LI>Max Depth = 8<LI>Call Chain = __aeabi_memcpy4
</UL>
<BR>[Called By]<UL><LI><a href="#[5f]">&gt;&gt;</a>&nbsp;&nbsp;&nbsp;Config_LoadFromFlash
<LI><a href="#[57]">&gt;&gt;</a>&nbsp;&nbsp;&nbsp;__rt_memcpy
</UL>

<P><STRONG><a name="[d0]"></a>__aeabi_memcpy8</STRONG> (Thumb, 0 bytes, Stack size 8 bytes, rt_memcpy_w.o(.text), UNUSED)

<P><STRONG><a name="[d1]"></a>__rt_memcpy_w</STRONG> (Thumb, 100 bytes, Stack size 8 bytes, rt_memcpy_w.o(.text), UNUSED)

<P><STRONG><a name="[d2]"></a>_memcpy_lastbytes_aligned</STRONG> (Thumb, 0 bytes, Stack size unknown bytes, rt_memcpy_w.o(.text), UNUSED)

<P><STRONG><a name="[6f]"></a>__aeabi_memclr</STRONG> (Thumb, 0 bytes, Stack size 0 bytes, rt_memclr.o(.text))
<BR><BR>[Called By]<UL><LI><a href="#[99]">&gt;&gt;</a>&nbsp;&nbsp;&nbsp;UART_Init
<LI><a href="#[6e]">&gt;&gt;</a>&nbsp;&nbsp;&nbsp;Modbus_Init
</UL>

<P><STRONG><a name="[59]"></a>__rt_memclr</STRONG> (Thumb, 68 bytes, Stack size 0 bytes, rt_memclr.o(.text), UNUSED)
<BR><BR>[Calls]<UL><LI><a href="#[5a]">&gt;&gt;</a>&nbsp;&nbsp;&nbsp;_memset_w
</UL>

<P><STRONG><a name="[d3]"></a>_memset</STRONG> (Thumb, 0 bytes, Stack size unknown bytes, rt_memclr.o(.text), UNUSED)

<P><STRONG><a name="[61]"></a>__aeabi_memclr4</STRONG> (Thumb, 0 bytes, Stack size 4 bytes, rt_memclr_w.o(.text))
<BR><BR>[Stack]<UL><LI>Max Depth = 4<LI>Call Chain = __aeabi_memclr4
</UL>
<BR>[Called By]<UL><LI><a href="#[5f]">&gt;&gt;</a>&nbsp;&nbsp;&nbsp;Config_LoadFromFlash
<LI><a href="#[99]">&gt;&gt;</a>&nbsp;&nbsp;&nbsp;UART_Init
<LI><a href="#[6e]">&gt;&gt;</a>&nbsp;&nbsp;&nbsp;Modbus_Init
</UL>

<P><STRONG><a name="[d4]"></a>__aeabi_memclr8</STRONG> (Thumb, 0 bytes, Stack size 4 bytes, rt_memclr_w.o(.text), UNUSED)

<P><STRONG><a name="[d5]"></a>__rt_memclr_w</STRONG> (Thumb, 78 bytes, Stack size 4 bytes, rt_memclr_w.o(.text), UNUSED)

<P><STRONG><a name="[5a]"></a>_memset_w</STRONG> (Thumb, 0 bytes, Stack size unknown bytes, rt_memclr_w.o(.text), UNUSED)
<BR><BR>[Called By]<UL><LI><a href="#[59]">&gt;&gt;</a>&nbsp;&nbsp;&nbsp;__rt_memclr
</UL>

<P><STRONG><a name="[d6]"></a>__use_two_region_memory</STRONG> (Thumb, 2 bytes, Stack size 0 bytes, heapauxi.o(.text), UNUSED)

<P><STRONG><a name="[d7]"></a>__rt_heap_escrow$2region</STRONG> (Thumb, 2 bytes, Stack size 0 bytes, heapauxi.o(.text), UNUSED)

<P><STRONG><a name="[d8]"></a>__rt_heap_expand$2region</STRONG> (Thumb, 2 bytes, Stack size 0 bytes, heapauxi.o(.text), UNUSED)

<P><STRONG><a name="[4d]"></a>__user_setup_stackheap</STRONG> (Thumb, 74 bytes, Stack size 8 bytes, sys_stackheap_outer.o(.text))
<BR><BR>[Stack]<UL><LI>Max Depth = 8 + Unknown Stack Size
<LI>Call Chain = __user_setup_stackheap
</UL>
<BR>[Calls]<UL><LI><a href="#[5b]">&gt;&gt;</a>&nbsp;&nbsp;&nbsp;__user_perproc_libspace
<LI><a href="#[45]">&gt;&gt;</a>&nbsp;&nbsp;&nbsp;__user_initial_stackheap
</UL>
<BR>[Called By]<UL><LI><a href="#[4c]">&gt;&gt;</a>&nbsp;&nbsp;&nbsp;__rt_entry_sh
</UL>

<P><STRONG><a name="[52]"></a>exit</STRONG> (Thumb, 18 bytes, Stack size 8 bytes, exit.o(.text))
<BR><BR>[Stack]<UL><LI>Max Depth = 8 + Unknown Stack Size
<LI>Call Chain = exit
</UL>
<BR>[Calls]<UL><LI><a href="#[5c]">&gt;&gt;</a>&nbsp;&nbsp;&nbsp;__rt_exit
</UL>
<BR>[Called By]<UL><LI><a href="#[50]">&gt;&gt;</a>&nbsp;&nbsp;&nbsp;__rt_entry_main
</UL>

<P><STRONG><a name="[d9]"></a>__user_libspace</STRONG> (Thumb, 8 bytes, Stack size 0 bytes, libspace.o(.text), UNUSED)

<P><STRONG><a name="[5b]"></a>__user_perproc_libspace</STRONG> (Thumb, 0 bytes, Stack size 0 bytes, libspace.o(.text))
<BR><BR>[Called By]<UL><LI><a href="#[4d]">&gt;&gt;</a>&nbsp;&nbsp;&nbsp;__user_setup_stackheap
</UL>

<P><STRONG><a name="[da]"></a>__user_perthread_libspace</STRONG> (Thumb, 0 bytes, Stack size 0 bytes, libspace.o(.text), UNUSED)

<P><STRONG><a name="[56]"></a>_sys_exit</STRONG> (Thumb, 8 bytes, Stack size 0 bytes, sys_exit.o(.text))
<BR><BR>[Called By]<UL><LI><a href="#[55]">&gt;&gt;</a>&nbsp;&nbsp;&nbsp;__rt_exit_exit
</UL>

<P><STRONG><a name="[db]"></a>__I$use$semihosting</STRONG> (Thumb, 0 bytes, Stack size 0 bytes, use_no_semi.o(.text), UNUSED)

<P><STRONG><a name="[dc]"></a>__use_no_semihosting_swi</STRONG> (Thumb, 2 bytes, Stack size 0 bytes, use_no_semi.o(.text), UNUSED)

<P><STRONG><a name="[dd]"></a>__semihosting_library_function</STRONG> (Thumb, 0 bytes, Stack size unknown bytes, indicate_semi.o(.text), UNUSED)

<P><STRONG><a name="[a2]"></a>ADC1_DMA_Init</STRONG> (Thumb, 184 bytes, Stack size 4 bytes, adc.o(.text.ADC1_DMA_Init))
<BR><BR>[Stack]<UL><LI>Max Depth = 4<LI>Call Chain = ADC1_DMA_Init
</UL>
<BR>[Called By]<UL><LI><a href="#[51]">&gt;&gt;</a>&nbsp;&nbsp;&nbsp;main
</UL>

<P><STRONG><a name="[5d]"></a>ADC_Task_Process</STRONG> (Thumb, 52 bytes, Stack size 0 bytes, adc.o(.text.ADC_Task_Process))
<BR><BR>[Stack]<UL><LI>Max Depth = 36<LI>Call Chain = ADC_Task_Process &rArr; Modbus_SetRegister &rArr; Modbus_SetHoldingRegisterInternal
</UL>
<BR>[Calls]<UL><LI><a href="#[5e]">&gt;&gt;</a>&nbsp;&nbsp;&nbsp;Modbus_SetRegister
</UL>
<BR>[Called By]<UL><LI><a href="#[51]">&gt;&gt;</a>&nbsp;&nbsp;&nbsp;main
</UL>

<P><STRONG><a name="[96]"></a>ApplyMedianFilter18</STRONG> (Thumb, 208 bytes, Stack size 16 bytes, filter.o(.text.ApplyMedianFilter18))
<BR><BR>[Stack]<UL><LI>Max Depth = 16<LI>Call Chain = ApplyMedianFilter18
</UL>
<BR>[Called By]<UL><LI><a href="#[91]">&gt;&gt;</a>&nbsp;&nbsp;&nbsp;Sensor_Task
</UL>

<P><STRONG><a name="[7f]"></a>CheckSensorType</STRONG> (Thumb, 78 bytes, Stack size 0 bytes, config_manager.o(.text.CheckSensorType))
<BR><BR>[Called By]<UL><LI><a href="#[7c]">&gt;&gt;</a>&nbsp;&nbsp;&nbsp;Modbus_SaveSensorSettings
</UL>

<P><STRONG><a name="[5f]"></a>Config_LoadFromFlash</STRONG> (Thumb, 76 bytes, Stack size 16 bytes, config_manager.o(.text.Config_LoadFromFlash))
<BR><BR>[Stack]<UL><LI>Max Depth = 24<LI>Call Chain = Config_LoadFromFlash &rArr; __aeabi_memcpy4
</UL>
<BR>[Calls]<UL><LI><a href="#[61]">&gt;&gt;</a>&nbsp;&nbsp;&nbsp;__aeabi_memclr4
<LI><a href="#[58]">&gt;&gt;</a>&nbsp;&nbsp;&nbsp;__aeabi_memcpy4
<LI><a href="#[60]">&gt;&gt;</a>&nbsp;&nbsp;&nbsp;CRC16
</UL>
<BR>[Called By]<UL><LI><a href="#[6e]">&gt;&gt;</a>&nbsp;&nbsp;&nbsp;Modbus_Init
</UL>

<P><STRONG><a name="[62]"></a>Config_QuickSave</STRONG> (Thumb, 32 bytes, Stack size 8 bytes, config_manager.o(.text.Config_QuickSave))
<BR><BR>[Stack]<UL><LI>Max Depth = 40<LI>Call Chain = Config_QuickSave &rArr; Config_SaveToFlash &rArr; memcmp
</UL>
<BR>[Calls]<UL><LI><a href="#[63]">&gt;&gt;</a>&nbsp;&nbsp;&nbsp;Config_SaveToFlash
<LI><a href="#[60]">&gt;&gt;</a>&nbsp;&nbsp;&nbsp;CRC16
</UL>
<BR>[Called By]<UL><LI><a href="#[7b]">&gt;&gt;</a>&nbsp;&nbsp;&nbsp;Modbus_RunCommand
</UL>

<P><STRONG><a name="[63]"></a>Config_SaveToFlash</STRONG> (Thumb, 104 bytes, Stack size 24 bytes, config_manager.o(.text.Config_SaveToFlash))
<BR><BR>[Stack]<UL><LI>Max Depth = 32<LI>Call Chain = Config_SaveToFlash &rArr; memcmp
</UL>
<BR>[Calls]<UL><LI><a href="#[66]">&gt;&gt;</a>&nbsp;&nbsp;&nbsp;memcmp
<LI><a href="#[65]">&gt;&gt;</a>&nbsp;&nbsp;&nbsp;Flash_Write_Word
<LI><a href="#[64]">&gt;&gt;</a>&nbsp;&nbsp;&nbsp;Flash_Erase_Sector
</UL>
<BR>[Called By]<UL><LI><a href="#[62]">&gt;&gt;</a>&nbsp;&nbsp;&nbsp;Config_QuickSave
</UL>

<P><STRONG><a name="[36]"></a>DMA2_Stream7_IRQHandler</STRONG> (Thumb, 52 bytes, Stack size 0 bytes, uart.o(.text.DMA2_Stream7_IRQHandler))
<BR>[Address Reference Count : 1]<UL><LI> startup_stm32f410rx.o(RESET)
</UL>
<P><STRONG><a name="[a3]"></a>DWT_Init</STRONG> (Thumb, 44 bytes, Stack size 0 bytes, pwm.o(.text.DWT_Init))
<BR><BR>[Called By]<UL><LI><a href="#[51]">&gt;&gt;</a>&nbsp;&nbsp;&nbsp;main
</UL>

<P><STRONG><a name="[40]"></a>Delay_ms</STRONG> (Thumb, 20 bytes, Stack size 0 bytes, delay.o(.text.Delay_ms))
<BR><BR>[Called By]<UL><LI><a href="#[51]">&gt;&gt;</a>&nbsp;&nbsp;&nbsp;main
<LI><a href="#[42]">&gt;&gt;</a>&nbsp;&nbsp;&nbsp;lcd_cmd
<LI><a href="#[67]">&gt;&gt;</a>&nbsp;&nbsp;&nbsp;LCD_Clear
</UL>
<BR>[Address Reference Count : 1]<UL><LI> lcd.o(.text.LCD_Init)
</UL>
<P><STRONG><a name="[44]"></a>Delay_us</STRONG> (Thumb, 20 bytes, Stack size 0 bytes, delay.o(.text.Delay_us))
<BR><BR>[Called By]<UL><LI><a href="#[6b]">&gt;&gt;</a>&nbsp;&nbsp;&nbsp;lcd_data
<LI><a href="#[42]">&gt;&gt;</a>&nbsp;&nbsp;&nbsp;lcd_cmd
<LI><a href="#[69]">&gt;&gt;</a>&nbsp;&nbsp;&nbsp;LCD_Init
</UL>
<BR>[Address Reference Count : 1]<UL><LI> lcd.o(.text.lcd_send4)
</UL>
<P><STRONG><a name="[64]"></a>Flash_Erase_Sector</STRONG> (Thumb, 64 bytes, Stack size 0 bytes, config_manager.o(.text.Flash_Erase_Sector))
<BR><BR>[Called By]<UL><LI><a href="#[63]">&gt;&gt;</a>&nbsp;&nbsp;&nbsp;Config_SaveToFlash
</UL>

<P><STRONG><a name="[65]"></a>Flash_Write_Word</STRONG> (Thumb, 60 bytes, Stack size 0 bytes, config_manager.o(.text.Flash_Write_Word))
<BR><BR>[Called By]<UL><LI><a href="#[63]">&gt;&gt;</a>&nbsp;&nbsp;&nbsp;Config_SaveToFlash
</UL>

<P><STRONG><a name="[7e]"></a>GetSensorModel</STRONG> (Thumb, 32 bytes, Stack size 0 bytes, config_manager.o(.text.GetSensorModel))
<BR><BR>[Called By]<UL><LI><a href="#[7c]">&gt;&gt;</a>&nbsp;&nbsp;&nbsp;Modbus_SaveSensorSettings
</UL>

<P><STRONG><a name="[88]"></a>GetTick</STRONG> (Thumb, 12 bytes, Stack size 0 bytes, delay.o(.text.GetTick))
<BR><BR>[Called By]<UL><LI><a href="#[91]">&gt;&gt;</a>&nbsp;&nbsp;&nbsp;Sensor_Task
<LI><a href="#[85]">&gt;&gt;</a>&nbsp;&nbsp;&nbsp;Modbus_Task
</UL>

<P><STRONG><a name="[a8]"></a>I2C1_BusRecover</STRONG> (Thumb, 180 bytes, Stack size 28 bytes, i2c.o(.text.I2C1_BusRecover))
<BR><BR>[Stack]<UL><LI>Max Depth = 28<LI>Call Chain = I2C1_BusRecover
</UL>
<BR>[Called By]<UL><LI><a href="#[51]">&gt;&gt;</a>&nbsp;&nbsp;&nbsp;main
</UL>

<P><STRONG><a name="[a1]"></a>I2C1_Config</STRONG> (Thumb, 120 bytes, Stack size 0 bytes, i2c.o(.text.I2C1_Config))
<BR><BR>[Called By]<UL><LI><a href="#[51]">&gt;&gt;</a>&nbsp;&nbsp;&nbsp;main
</UL>

<P><STRONG><a name="[93]"></a>I2C_Diag_Check</STRONG> (Thumb, 40 bytes, Stack size 0 bytes, error_check.o(.text.I2C_Diag_Check))
<BR><BR>[Called By]<UL><LI><a href="#[91]">&gt;&gt;</a>&nbsp;&nbsp;&nbsp;Sensor_Task
</UL>

<P><STRONG><a name="[92]"></a>I2C_Diag_OnError</STRONG> (Thumb, 84 bytes, Stack size 0 bytes, error_check.o(.text.I2C_Diag_OnError))
<BR><BR>[Called By]<UL><LI><a href="#[91]">&gt;&gt;</a>&nbsp;&nbsp;&nbsp;Sensor_Task
</UL>

<P><STRONG><a name="[94]"></a>I2C_Diag_OnSuccess</STRONG> (Thumb, 16 bytes, Stack size 0 bytes, error_check.o(.text.I2C_Diag_OnSuccess))
<BR><BR>[Called By]<UL><LI><a href="#[91]">&gt;&gt;</a>&nbsp;&nbsp;&nbsp;Sensor_Task
</UL>

<P><STRONG><a name="[a4]"></a>I2C_Diag_ResetAll</STRONG> (Thumb, 16 bytes, Stack size 0 bytes, error_check.o(.text.I2C_Diag_ResetAll))
<BR><BR>[Called By]<UL><LI><a href="#[51]">&gt;&gt;</a>&nbsp;&nbsp;&nbsp;main
</UL>

<P><STRONG><a name="[8d]"></a>I2C_ReadData</STRONG> (Thumb, 412 bytes, Stack size 16 bytes, i2c.o(.text.I2C_ReadData))
<BR><BR>[Stack]<UL><LI>Max Depth = 16<LI>Call Chain = I2C_ReadData
</UL>
<BR>[Called By]<UL><LI><a href="#[8c]">&gt;&gt;</a>&nbsp;&nbsp;&nbsp;SHT3x_ReadTempHum_
</UL>

<P><STRONG><a name="[90]"></a>I2C_WriteData</STRONG> (Thumb, 212 bytes, Stack size 16 bytes, i2c.o(.text.I2C_WriteData))
<BR><BR>[Stack]<UL><LI>Max Depth = 16<LI>Call Chain = I2C_WriteData
</UL>
<BR>[Called By]<UL><LI><a href="#[8f]">&gt;&gt;</a>&nbsp;&nbsp;&nbsp;SHT3x_SendCommand_
</UL>

<P><STRONG><a name="[a6]"></a>IWDG_Init_2s</STRONG> (Thumb, 44 bytes, Stack size 0 bytes, watchdog.o(.text.IWDG_Init_2s))
<BR><BR>[Called By]<UL><LI><a href="#[51]">&gt;&gt;</a>&nbsp;&nbsp;&nbsp;main
</UL>

<P><STRONG><a name="[a7]"></a>IWDG_Kick</STRONG> (Thumb, 16 bytes, Stack size 0 bytes, watchdog.o(.text.IWDG_Kick))
<BR><BR>[Called By]<UL><LI><a href="#[51]">&gt;&gt;</a>&nbsp;&nbsp;&nbsp;main
</UL>

<P><STRONG><a name="[67]"></a>LCD_Clear</STRONG> (Thumb, 18 bytes, Stack size 8 bytes, lcd.o(.text.LCD_Clear))
<BR><BR>[Stack]<UL><LI>Max Depth = 32<LI>Call Chain = LCD_Clear &rArr; lcd_cmd &rArr; lcd_send4
</UL>
<BR>[Calls]<UL><LI><a href="#[42]">&gt;&gt;</a>&nbsp;&nbsp;&nbsp;lcd_cmd
<LI><a href="#[40]">&gt;&gt;</a>&nbsp;&nbsp;&nbsp;Delay_ms
</UL>
<BR>[Called By]<UL><LI><a href="#[51]">&gt;&gt;</a>&nbsp;&nbsp;&nbsp;main
</UL>

<P><STRONG><a name="[68]"></a>LCD_Goto</STRONG> (Thumb, 18 bytes, Stack size 0 bytes, lcd.o(.text.LCD_Goto))
<BR><BR>[Stack]<UL><LI>Max Depth = 24<LI>Call Chain = LCD_Goto &rArr; lcd_cmd &rArr; lcd_send4
</UL>
<BR>[Calls]<UL><LI><a href="#[42]">&gt;&gt;</a>&nbsp;&nbsp;&nbsp;lcd_cmd
</UL>
<BR>[Called By]<UL><LI><a href="#[51]">&gt;&gt;</a>&nbsp;&nbsp;&nbsp;main
<LI><a href="#[91]">&gt;&gt;</a>&nbsp;&nbsp;&nbsp;Sensor_Task
</UL>

<P><STRONG><a name="[69]"></a>LCD_Init</STRONG> (Thumb, 204 bytes, Stack size 16 bytes, lcd.o(.text.LCD_Init))
<BR><BR>[Stack]<UL><LI>Max Depth = 16<LI>Call Chain = LCD_Init
</UL>
<BR>[Calls]<UL><LI><a href="#[44]">&gt;&gt;</a>&nbsp;&nbsp;&nbsp;Delay_us
</UL>
<BR>[Called By]<UL><LI><a href="#[51]">&gt;&gt;</a>&nbsp;&nbsp;&nbsp;main
</UL>

<P><STRONG><a name="[6a]"></a>LCD_PrintFixed</STRONG> (Thumb, 192 bytes, Stack size 32 bytes, lcd.o(.text.LCD_PrintFixed))
<BR><BR>[Stack]<UL><LI>Max Depth = 56<LI>Call Chain = LCD_PrintFixed &rArr; lcd_data &rArr; lcd_send4
</UL>
<BR>[Calls]<UL><LI><a href="#[6b]">&gt;&gt;</a>&nbsp;&nbsp;&nbsp;lcd_data
</UL>
<BR>[Called By]<UL><LI><a href="#[91]">&gt;&gt;</a>&nbsp;&nbsp;&nbsp;Sensor_Task
</UL>

<P><STRONG><a name="[43]"></a>LCD_Puts</STRONG> (Thumb, 20 bytes, Stack size 8 bytes, lcd.o(.text.LCD_Puts))
<BR><BR>[Stack]<UL><LI>Max Depth = 32<LI>Call Chain = LCD_Puts &rArr; lcd_data &rArr; lcd_send4
</UL>
<BR>[Calls]<UL><LI><a href="#[6b]">&gt;&gt;</a>&nbsp;&nbsp;&nbsp;lcd_data
</UL>
<BR>[Called By]<UL><LI><a href="#[51]">&gt;&gt;</a>&nbsp;&nbsp;&nbsp;main
</UL>
<BR>[Address Reference Count : 1]<UL><LI> sensor_task.o(.text.Sensor_Task)
</UL>
<P><STRONG><a name="[6c]"></a>Modbus_GetRegister</STRONG> (Thumb, 24 bytes, Stack size 16 bytes, modbus_rtu.o(.text.Modbus_GetRegister))
<BR><BR>[Stack]<UL><LI>Max Depth = 28<LI>Call Chain = Modbus_GetRegister &rArr; Modbus_GetHoldingRegisterInternal
</UL>
<BR>[Calls]<UL><LI><a href="#[6d]">&gt;&gt;</a>&nbsp;&nbsp;&nbsp;Modbus_GetHoldingRegisterInternal
</UL>
<BR>[Called By]<UL><LI><a href="#[91]">&gt;&gt;</a>&nbsp;&nbsp;&nbsp;Sensor_Task
</UL>

<P><STRONG><a name="[6e]"></a>Modbus_Init</STRONG> (Thumb, 64 bytes, Stack size 16 bytes, modbus_rtu.o(.text.Modbus_Init))
<BR><BR>[Stack]<UL><LI>Max Depth = 40<LI>Call Chain = Modbus_Init &rArr; Config_LoadFromFlash &rArr; __aeabi_memcpy4
</UL>
<BR>[Calls]<UL><LI><a href="#[70]">&gt;&gt;</a>&nbsp;&nbsp;&nbsp;Modbus_SyncAll
<LI><a href="#[5f]">&gt;&gt;</a>&nbsp;&nbsp;&nbsp;Config_LoadFromFlash
<LI><a href="#[61]">&gt;&gt;</a>&nbsp;&nbsp;&nbsp;__aeabi_memclr4
<LI><a href="#[6f]">&gt;&gt;</a>&nbsp;&nbsp;&nbsp;__aeabi_memclr
</UL>
<BR>[Called By]<UL><LI><a href="#[51]">&gt;&gt;</a>&nbsp;&nbsp;&nbsp;main
</UL>

<P><STRONG><a name="[8b]"></a>Modbus_Is_Writable</STRONG> (Thumb, 44 bytes, Stack size 8 bytes, modbus_rtu.o(.text.Modbus_Is_Writable))
<BR><BR>[Stack]<UL><LI>Max Depth = 8<LI>Call Chain = Modbus_Is_Writable
</UL>
<BR>[Called By]<UL><LI><a href="#[78]">&gt;&gt;</a>&nbsp;&nbsp;&nbsp;ProcessWriteSingleRegister
</UL>

<P><STRONG><a name="[71]"></a>Modbus_PeekFrame</STRONG> (Thumb, 74 bytes, Stack size 24 bytes, modbus_rtu.o(.text.Modbus_PeekFrame))
<BR><BR>[Stack]<UL><LI>Max Depth = 24<LI>Call Chain = Modbus_PeekFrame
</UL>
<BR>[Calls]<UL><LI><a href="#[72]">&gt;&gt;</a>&nbsp;&nbsp;&nbsp;__disable_irq
</UL>
<BR>[Called By]<UL><LI><a href="#[85]">&gt;&gt;</a>&nbsp;&nbsp;&nbsp;Modbus_Task
</UL>

<P><STRONG><a name="[73]"></a>Modbus_PopFrame</STRONG> (Thumb, 104 bytes, Stack size 16 bytes, modbus_rtu.o(.text.Modbus_PopFrame))
<BR><BR>[Stack]<UL><LI>Max Depth = 16<LI>Call Chain = Modbus_PopFrame
</UL>
<BR>[Calls]<UL><LI><a href="#[72]">&gt;&gt;</a>&nbsp;&nbsp;&nbsp;__disable_irq
</UL>
<BR>[Called By]<UL><LI><a href="#[85]">&gt;&gt;</a>&nbsp;&nbsp;&nbsp;Modbus_Task
</UL>

<P><STRONG><a name="[74]"></a>Modbus_ProcessFrame</STRONG> (Thumb, 258 bytes, Stack size 32 bytes, modbus_rtu.o(.text.Modbus_ProcessFrame))
<BR><BR>[Stack]<UL><LI>Max Depth = 392<LI>Call Chain = Modbus_ProcessFrame &rArr; ProcessReadInputRegisters &rArr; Modbus_SendErrorResponse &rArr; UART_Send
</UL>
<BR>[Calls]<UL><LI><a href="#[7a]">&gt;&gt;</a>&nbsp;&nbsp;&nbsp;Modbus_SendErrorResponse
<LI><a href="#[78]">&gt;&gt;</a>&nbsp;&nbsp;&nbsp;ProcessWriteSingleRegister
<LI><a href="#[79]">&gt;&gt;</a>&nbsp;&nbsp;&nbsp;ProcessWriteMultipleRegisters
<LI><a href="#[77]">&gt;&gt;</a>&nbsp;&nbsp;&nbsp;ProcessReadInputRegisters
<LI><a href="#[76]">&gt;&gt;</a>&nbsp;&nbsp;&nbsp;ProcessReadHoldingRegisters
<LI><a href="#[75]">&gt;&gt;</a>&nbsp;&nbsp;&nbsp;CRC16
</UL>
<BR>[Called By]<UL><LI><a href="#[85]">&gt;&gt;</a>&nbsp;&nbsp;&nbsp;Modbus_Task
</UL>

<P><STRONG><a name="[7b]"></a>Modbus_RunCommand</STRONG> (Thumb, 216 bytes, Stack size 32 bytes, modbus_rtu.o(.text.Modbus_RunCommand))
<BR><BR>[Stack]<UL><LI>Max Depth = 120<LI>Call Chain = Modbus_RunCommand &rArr; Modbus_SaveSensorSettings &rArr; __aeabi_ddiv
</UL>
<BR>[Calls]<UL><LI><a href="#[7c]">&gt;&gt;</a>&nbsp;&nbsp;&nbsp;Modbus_SaveSensorSettings
<LI><a href="#[7d]">&gt;&gt;</a>&nbsp;&nbsp;&nbsp;Modbus_SaveBaseSettings
<LI><a href="#[62]">&gt;&gt;</a>&nbsp;&nbsp;&nbsp;Config_QuickSave
</UL>
<BR>[Called By]<UL><LI><a href="#[79]">&gt;&gt;</a>&nbsp;&nbsp;&nbsp;ProcessWriteMultipleRegisters
</UL>

<P><STRONG><a name="[7d]"></a>Modbus_SaveBaseSettings</STRONG> (Thumb, 466 bytes, Stack size 36 bytes, modbus_rtu.o(.text.Modbus_SaveBaseSettings))
<BR><BR>[Stack]<UL><LI>Max Depth = 36<LI>Call Chain = Modbus_SaveBaseSettings
</UL>
<BR>[Called By]<UL><LI><a href="#[7b]">&gt;&gt;</a>&nbsp;&nbsp;&nbsp;Modbus_RunCommand
</UL>

<P><STRONG><a name="[7c]"></a>Modbus_SaveSensorSettings</STRONG> (Thumb, 474 bytes, Stack size 56 bytes, modbus_rtu.o(.text.Modbus_SaveSensorSettings))
<BR><BR>[Stack]<UL><LI>Max Depth = 88<LI>Call Chain = Modbus_SaveSensorSettings &rArr; __aeabi_ddiv
</UL>
<BR>[Calls]<UL><LI><a href="#[7e]">&gt;&gt;</a>&nbsp;&nbsp;&nbsp;GetSensorModel
<LI><a href="#[7f]">&gt;&gt;</a>&nbsp;&nbsp;&nbsp;CheckSensorType
<LI><a href="#[80]">&gt;&gt;</a>&nbsp;&nbsp;&nbsp;__aeabi_ui2d
<LI><a href="#[81]">&gt;&gt;</a>&nbsp;&nbsp;&nbsp;__aeabi_i2d
<LI><a href="#[82]">&gt;&gt;</a>&nbsp;&nbsp;&nbsp;__aeabi_ddiv
</UL>
<BR>[Called By]<UL><LI><a href="#[7b]">&gt;&gt;</a>&nbsp;&nbsp;&nbsp;Modbus_RunCommand
</UL>

<P><STRONG><a name="[7a]"></a>Modbus_SendErrorResponse</STRONG> (Thumb, 110 bytes, Stack size 32 bytes, modbus_rtu.o(.text.Modbus_SendErrorResponse))
<BR><BR>[Stack]<UL><LI>Max Depth = 64<LI>Call Chain = Modbus_SendErrorResponse &rArr; UART_Send
</UL>
<BR>[Calls]<UL><LI><a href="#[83]">&gt;&gt;</a>&nbsp;&nbsp;&nbsp;UART_Send
<LI><a href="#[75]">&gt;&gt;</a>&nbsp;&nbsp;&nbsp;CRC16
</UL>
<BR>[Called By]<UL><LI><a href="#[74]">&gt;&gt;</a>&nbsp;&nbsp;&nbsp;Modbus_ProcessFrame
<LI><a href="#[78]">&gt;&gt;</a>&nbsp;&nbsp;&nbsp;ProcessWriteSingleRegister
<LI><a href="#[79]">&gt;&gt;</a>&nbsp;&nbsp;&nbsp;ProcessWriteMultipleRegisters
<LI><a href="#[77]">&gt;&gt;</a>&nbsp;&nbsp;&nbsp;ProcessReadInputRegisters
<LI><a href="#[76]">&gt;&gt;</a>&nbsp;&nbsp;&nbsp;ProcessReadHoldingRegisters
</UL>

<P><STRONG><a name="[98]"></a>Modbus_SetInputRegister</STRONG> (Thumb, 54 bytes, Stack size 12 bytes, modbus_rtu.o(.text.Modbus_SetInputRegister))
<BR><BR>[Stack]<UL><LI>Max Depth = 12<LI>Call Chain = Modbus_SetInputRegister
</UL>
<BR>[Called By]<UL><LI><a href="#[91]">&gt;&gt;</a>&nbsp;&nbsp;&nbsp;Sensor_Task
</UL>

<P><STRONG><a name="[5e]"></a>Modbus_SetRegister</STRONG> (Thumb, 36 bytes, Stack size 24 bytes, modbus_rtu.o(.text.Modbus_SetRegister))
<BR><BR>[Stack]<UL><LI>Max Depth = 36<LI>Call Chain = Modbus_SetRegister &rArr; Modbus_SetHoldingRegisterInternal
</UL>
<BR>[Calls]<UL><LI><a href="#[84]">&gt;&gt;</a>&nbsp;&nbsp;&nbsp;Modbus_SetHoldingRegisterInternal
</UL>
<BR>[Called By]<UL><LI><a href="#[5d]">&gt;&gt;</a>&nbsp;&nbsp;&nbsp;ADC_Task_Process
</UL>

<P><STRONG><a name="[70]"></a>Modbus_SyncAll</STRONG> (Thumb, 710 bytes, Stack size 16 bytes, modbus_rtu.o(.text.Modbus_SyncAll))
<BR><BR>[Stack]<UL><LI>Max Depth = 16<LI>Call Chain = Modbus_SyncAll
</UL>
<BR>[Called By]<UL><LI><a href="#[6e]">&gt;&gt;</a>&nbsp;&nbsp;&nbsp;Modbus_Init
</UL>

<P><STRONG><a name="[85]"></a>Modbus_Task</STRONG> (Thumb, 270 bytes, Stack size 40 bytes, modbus_rtu.o(.text.Modbus_Task))
<BR><BR>[Stack]<UL><LI>Max Depth = 432<LI>Call Chain = Modbus_Task &rArr; Modbus_ProcessFrame &rArr; ProcessReadInputRegisters &rArr; Modbus_SendErrorResponse &rArr; UART_Send
</UL>
<BR>[Calls]<UL><LI><a href="#[87]">&gt;&gt;</a>&nbsp;&nbsp;&nbsp;UART_GetFrame
<LI><a href="#[86]">&gt;&gt;</a>&nbsp;&nbsp;&nbsp;UART_FrameReady
<LI><a href="#[89]">&gt;&gt;</a>&nbsp;&nbsp;&nbsp;UART_ClearFrameFlag
<LI><a href="#[74]">&gt;&gt;</a>&nbsp;&nbsp;&nbsp;Modbus_ProcessFrame
<LI><a href="#[73]">&gt;&gt;</a>&nbsp;&nbsp;&nbsp;Modbus_PopFrame
<LI><a href="#[71]">&gt;&gt;</a>&nbsp;&nbsp;&nbsp;Modbus_PeekFrame
<LI><a href="#[88]">&gt;&gt;</a>&nbsp;&nbsp;&nbsp;GetTick
<LI><a href="#[72]">&gt;&gt;</a>&nbsp;&nbsp;&nbsp;__disable_irq
</UL>
<BR>[Called By]<UL><LI><a href="#[51]">&gt;&gt;</a>&nbsp;&nbsp;&nbsp;main
</UL>

<P><STRONG><a name="[1]"></a>NMI_Handler</STRONG> (Thumb, 36 bytes, Stack size 0 bytes, interrupts.o(.text.NMI_Handler))
<BR>[Address Reference Count : 1]<UL><LI> startup_stm32f410rx.o(RESET)
</UL>
<P><STRONG><a name="[97]"></a>SHT3x_Hum_x100</STRONG> (Thumb, 16 bytes, Stack size 0 bytes, sht3x.o(.text.SHT3x_Hum_x100))
<BR><BR>[Called By]<UL><LI><a href="#[91]">&gt;&gt;</a>&nbsp;&nbsp;&nbsp;Sensor_Task
</UL>

<P><STRONG><a name="[8c]"></a>SHT3x_ReadTempHum_</STRONG> (Thumb, 88 bytes, Stack size 24 bytes, sht3x.o(.text.SHT3x_ReadTempHum_))
<BR><BR>[Stack]<UL><LI>Max Depth = 40<LI>Call Chain = SHT3x_ReadTempHum_ &rArr; I2C_ReadData
</UL>
<BR>[Calls]<UL><LI><a href="#[8d]">&gt;&gt;</a>&nbsp;&nbsp;&nbsp;I2C_ReadData
<LI><a href="#[8e]">&gt;&gt;</a>&nbsp;&nbsp;&nbsp;SHT3x_CRC8
</UL>
<BR>[Called By]<UL><LI><a href="#[91]">&gt;&gt;</a>&nbsp;&nbsp;&nbsp;Sensor_Task
</UL>

<P><STRONG><a name="[8f]"></a>SHT3x_SendCommand_</STRONG> (Thumb, 28 bytes, Stack size 16 bytes, sht3x.o(.text.SHT3x_SendCommand_))
<BR><BR>[Stack]<UL><LI>Max Depth = 32<LI>Call Chain = SHT3x_SendCommand_ &rArr; I2C_WriteData
</UL>
<BR>[Calls]<UL><LI><a href="#[90]">&gt;&gt;</a>&nbsp;&nbsp;&nbsp;I2C_WriteData
</UL>
<BR>[Called By]<UL><LI><a href="#[91]">&gt;&gt;</a>&nbsp;&nbsp;&nbsp;Sensor_Task
</UL>

<P><STRONG><a name="[95]"></a>SHT3x_Temp_x100</STRONG> (Thumb, 22 bytes, Stack size 0 bytes, sht3x.o(.text.SHT3x_Temp_x100))
<BR><BR>[Called By]<UL><LI><a href="#[91]">&gt;&gt;</a>&nbsp;&nbsp;&nbsp;Sensor_Task
</UL>

<P><STRONG><a name="[91]"></a>Sensor_Task</STRONG> (Thumb, 440 bytes, Stack size 24 bytes, sensor_task.o(.text.Sensor_Task))
<BR><BR>[Stack]<UL><LI>Max Depth = 80<LI>Call Chain = Sensor_Task &rArr; LCD_PrintFixed &rArr; lcd_data &rArr; lcd_send4
</UL>
<BR>[Calls]<UL><LI><a href="#[98]">&gt;&gt;</a>&nbsp;&nbsp;&nbsp;Modbus_SetInputRegister
<LI><a href="#[6c]">&gt;&gt;</a>&nbsp;&nbsp;&nbsp;Modbus_GetRegister
<LI><a href="#[6a]">&gt;&gt;</a>&nbsp;&nbsp;&nbsp;LCD_PrintFixed
<LI><a href="#[68]">&gt;&gt;</a>&nbsp;&nbsp;&nbsp;LCD_Goto
<LI><a href="#[88]">&gt;&gt;</a>&nbsp;&nbsp;&nbsp;GetTick
<LI><a href="#[94]">&gt;&gt;</a>&nbsp;&nbsp;&nbsp;I2C_Diag_OnSuccess
<LI><a href="#[92]">&gt;&gt;</a>&nbsp;&nbsp;&nbsp;I2C_Diag_OnError
<LI><a href="#[93]">&gt;&gt;</a>&nbsp;&nbsp;&nbsp;I2C_Diag_Check
<LI><a href="#[96]">&gt;&gt;</a>&nbsp;&nbsp;&nbsp;ApplyMedianFilter18
<LI><a href="#[95]">&gt;&gt;</a>&nbsp;&nbsp;&nbsp;SHT3x_Temp_x100
<LI><a href="#[8f]">&gt;&gt;</a>&nbsp;&nbsp;&nbsp;SHT3x_SendCommand_
<LI><a href="#[8c]">&gt;&gt;</a>&nbsp;&nbsp;&nbsp;SHT3x_ReadTempHum_
<LI><a href="#[97]">&gt;&gt;</a>&nbsp;&nbsp;&nbsp;SHT3x_Hum_x100
</UL>
<BR>[Called By]<UL><LI><a href="#[51]">&gt;&gt;</a>&nbsp;&nbsp;&nbsp;main
</UL>

<P><STRONG><a name="[a5]"></a>Sensor_Task_Init</STRONG> (Thumb, 68 bytes, Stack size 0 bytes, sensor_task.o(.text.Sensor_Task_Init))
<BR><BR>[Called By]<UL><LI><a href="#[51]">&gt;&gt;</a>&nbsp;&nbsp;&nbsp;main
</UL>

<P><STRONG><a name="[9]"></a>SysTick_Handler</STRONG> (Thumb, 80 bytes, Stack size 0 bytes, delay.o(.text.SysTick_Handler))
<BR>[Address Reference Count : 1]<UL><LI> startup_stm32f410rx.o(RESET)
</UL>
<P><STRONG><a name="[9f]"></a>SysTick_Init</STRONG> (Thumb, 24 bytes, Stack size 0 bytes, delay.o(.text.SysTick_Init))
<BR><BR>[Called By]<UL><LI><a href="#[51]">&gt;&gt;</a>&nbsp;&nbsp;&nbsp;main
</UL>

<P><STRONG><a name="[a9]"></a>SystemCoreClockUpdate</STRONG> (Thumb, 108 bytes, Stack size 0 bytes, system_stm32f4xx.o(.text.SystemCoreClockUpdate))
<BR><BR>[Called By]<UL><LI><a href="#[9e]">&gt;&gt;</a>&nbsp;&nbsp;&nbsp;setClock
</UL>

<P><STRONG><a name="[3e]"></a>SystemInit</STRONG> (Thumb, 16 bytes, Stack size 0 bytes, system_stm32f4xx.o(.text.SystemInit))
<BR>[Address Reference Count : 1]<UL><LI> startup_stm32f410rx.o(.text)
</UL>
<P><STRONG><a name="[a0]"></a>TimConfig</STRONG> (Thumb, 48 bytes, Stack size 0 bytes, delay.o(.text.TimConfig))
<BR><BR>[Called By]<UL><LI><a href="#[51]">&gt;&gt;</a>&nbsp;&nbsp;&nbsp;main
</UL>

<P><STRONG><a name="[89]"></a>UART_ClearFrameFlag</STRONG> (Thumb, 14 bytes, Stack size 0 bytes, uart.o(.text.UART_ClearFrameFlag))
<BR><BR>[Called By]<UL><LI><a href="#[85]">&gt;&gt;</a>&nbsp;&nbsp;&nbsp;Modbus_Task
</UL>

<P><STRONG><a name="[86]"></a>UART_FrameReady</STRONG> (Thumb, 12 bytes, Stack size 0 bytes, uart.o(.text.UART_FrameReady))
<BR><BR>[Called By]<UL><LI><a href="#[85]">&gt;&gt;</a>&nbsp;&nbsp;&nbsp;Modbus_Task
</UL>

<P><STRONG><a name="[87]"></a>UART_GetFrame</STRONG> (Thumb, 248 bytes, Stack size 28 bytes, uart.o(.text.UART_GetFrame))
<BR><BR>[Stack]<UL><LI>Max Depth = 28<LI>Call Chain = UART_GetFrame
</UL>
<BR>[Called By]<UL><LI><a href="#[85]">&gt;&gt;</a>&nbsp;&nbsp;&nbsp;Modbus_Task
</UL>

<P><STRONG><a name="[99]"></a>UART_Init</STRONG> (Thumb, 452 bytes, Stack size 32 bytes, uart.o(.text.UART_Init))
<BR><BR>[Stack]<UL><LI>Max Depth = 48<LI>Call Chain = UART_Init &rArr; __NVIC_SetPriority
</UL>
<BR>[Calls]<UL><LI><a href="#[9b]">&gt;&gt;</a>&nbsp;&nbsp;&nbsp;__NVIC_SetPriority
<LI><a href="#[9a]">&gt;&gt;</a>&nbsp;&nbsp;&nbsp;__NVIC_EnableIRQ
<LI><a href="#[61]">&gt;&gt;</a>&nbsp;&nbsp;&nbsp;__aeabi_memclr4
<LI><a href="#[6f]">&gt;&gt;</a>&nbsp;&nbsp;&nbsp;__aeabi_memclr
</UL>
<BR>[Called By]<UL><LI><a href="#[51]">&gt;&gt;</a>&nbsp;&nbsp;&nbsp;main
</UL>

<P><STRONG><a name="[83]"></a>UART_Send</STRONG> (Thumb, 276 bytes, Stack size 32 bytes, uart.o(.text.UART_Send))
<BR><BR>[Stack]<UL><LI>Max Depth = 32<LI>Call Chain = UART_Send
</UL>
<BR>[Calls]<UL><LI><a href="#[9c]">&gt;&gt;</a>&nbsp;&nbsp;&nbsp;__aeabi_memcpy
</UL>
<BR>[Called By]<UL><LI><a href="#[7a]">&gt;&gt;</a>&nbsp;&nbsp;&nbsp;Modbus_SendErrorResponse
<LI><a href="#[78]">&gt;&gt;</a>&nbsp;&nbsp;&nbsp;ProcessWriteSingleRegister
<LI><a href="#[79]">&gt;&gt;</a>&nbsp;&nbsp;&nbsp;ProcessWriteMultipleRegisters
<LI><a href="#[77]">&gt;&gt;</a>&nbsp;&nbsp;&nbsp;ProcessReadInputRegisters
<LI><a href="#[76]">&gt;&gt;</a>&nbsp;&nbsp;&nbsp;ProcessReadHoldingRegisters
</UL>

<P><STRONG><a name="[28]"></a>USART1_IRQHandler</STRONG> (Thumb, 310 bytes, Stack size 32 bytes, uart.o(.text.USART1_IRQHandler))
<BR><BR>[Stack]<UL><LI>Max Depth = 32<LI>Call Chain = USART1_IRQHandler
</UL>
<BR>[Calls]<UL><LI><a href="#[9d]">&gt;&gt;</a>&nbsp;&nbsp;&nbsp;dma_head
</UL>
<BR>[Address Reference Count : 1]<UL><LI> startup_stm32f410rx.o(RESET)
</UL>
<P><STRONG><a name="[42]"></a>lcd_cmd</STRONG> (Thumb, 60 bytes, Stack size 8 bytes, lcd.o(.text.lcd_cmd))
<BR><BR>[Stack]<UL><LI>Max Depth = 24<LI>Call Chain = lcd_cmd &rArr; lcd_send4
</UL>
<BR>[Calls]<UL><LI><a href="#[41]">&gt;&gt;</a>&nbsp;&nbsp;&nbsp;lcd_send4
<LI><a href="#[44]">&gt;&gt;</a>&nbsp;&nbsp;&nbsp;Delay_us
<LI><a href="#[40]">&gt;&gt;</a>&nbsp;&nbsp;&nbsp;Delay_ms
</UL>
<BR>[Called By]<UL><LI><a href="#[68]">&gt;&gt;</a>&nbsp;&nbsp;&nbsp;LCD_Goto
<LI><a href="#[67]">&gt;&gt;</a>&nbsp;&nbsp;&nbsp;LCD_Clear
</UL>
<BR>[Address Reference Count : 1]<UL><LI> lcd.o(.text.LCD_Init)
</UL>
<P><STRONG><a name="[6b]"></a>lcd_data</STRONG> (Thumb, 44 bytes, Stack size 8 bytes, lcd.o(.text.lcd_data))
<BR><BR>[Stack]<UL><LI>Max Depth = 24<LI>Call Chain = lcd_data &rArr; lcd_send4
</UL>
<BR>[Calls]<UL><LI><a href="#[41]">&gt;&gt;</a>&nbsp;&nbsp;&nbsp;lcd_send4
<LI><a href="#[44]">&gt;&gt;</a>&nbsp;&nbsp;&nbsp;Delay_us
</UL>
<BR>[Called By]<UL><LI><a href="#[43]">&gt;&gt;</a>&nbsp;&nbsp;&nbsp;LCD_Puts
<LI><a href="#[6a]">&gt;&gt;</a>&nbsp;&nbsp;&nbsp;LCD_PrintFixed
</UL>

<P><STRONG><a name="[41]"></a>lcd_send4</STRONG> (Thumb, 104 bytes, Stack size 16 bytes, lcd.o(.text.lcd_send4))
<BR><BR>[Stack]<UL><LI>Max Depth = 16<LI>Call Chain = lcd_send4
</UL>
<BR>[Called By]<UL><LI><a href="#[6b]">&gt;&gt;</a>&nbsp;&nbsp;&nbsp;lcd_data
<LI><a href="#[42]">&gt;&gt;</a>&nbsp;&nbsp;&nbsp;lcd_cmd
</UL>
<BR>[Address Reference Count : 1]<UL><LI> lcd.o(.text.LCD_Init)
</UL>
<P><STRONG><a name="[51]"></a>main</STRONG> (Thumb, 272 bytes, Stack size 0 bytes, main.o(.text.main))
<BR><BR>[Stack]<UL><LI>Max Depth = 432<LI>Call Chain = main &rArr; Modbus_Task &rArr; Modbus_ProcessFrame &rArr; ProcessReadInputRegisters &rArr; Modbus_SendErrorResponse &rArr; UART_Send
</UL>
<BR>[Calls]<UL><LI><a href="#[9e]">&gt;&gt;</a>&nbsp;&nbsp;&nbsp;setClock
<LI><a href="#[99]">&gt;&gt;</a>&nbsp;&nbsp;&nbsp;UART_Init
<LI><a href="#[a5]">&gt;&gt;</a>&nbsp;&nbsp;&nbsp;Sensor_Task_Init
<LI><a href="#[91]">&gt;&gt;</a>&nbsp;&nbsp;&nbsp;Sensor_Task
<LI><a href="#[85]">&gt;&gt;</a>&nbsp;&nbsp;&nbsp;Modbus_Task
<LI><a href="#[6e]">&gt;&gt;</a>&nbsp;&nbsp;&nbsp;Modbus_Init
<LI><a href="#[a7]">&gt;&gt;</a>&nbsp;&nbsp;&nbsp;IWDG_Kick
<LI><a href="#[a6]">&gt;&gt;</a>&nbsp;&nbsp;&nbsp;IWDG_Init_2s
<LI><a href="#[a4]">&gt;&gt;</a>&nbsp;&nbsp;&nbsp;I2C_Diag_ResetAll
<LI><a href="#[a3]">&gt;&gt;</a>&nbsp;&nbsp;&nbsp;DWT_Init
<LI><a href="#[5d]">&gt;&gt;</a>&nbsp;&nbsp;&nbsp;ADC_Task_Process
<LI><a href="#[a2]">&gt;&gt;</a>&nbsp;&nbsp;&nbsp;ADC1_DMA_Init
<LI><a href="#[43]">&gt;&gt;</a>&nbsp;&nbsp;&nbsp;LCD_Puts
<LI><a href="#[69]">&gt;&gt;</a>&nbsp;&nbsp;&nbsp;LCD_Init
<LI><a href="#[68]">&gt;&gt;</a>&nbsp;&nbsp;&nbsp;LCD_Goto
<LI><a href="#[67]">&gt;&gt;</a>&nbsp;&nbsp;&nbsp;LCD_Clear
<LI><a href="#[a1]">&gt;&gt;</a>&nbsp;&nbsp;&nbsp;I2C1_Config
<LI><a href="#[a8]">&gt;&gt;</a>&nbsp;&nbsp;&nbsp;I2C1_BusRecover
<LI><a href="#[a0]">&gt;&gt;</a>&nbsp;&nbsp;&nbsp;TimConfig
<LI><a href="#[9f]">&gt;&gt;</a>&nbsp;&nbsp;&nbsp;SysTick_Init
<LI><a href="#[40]">&gt;&gt;</a>&nbsp;&nbsp;&nbsp;Delay_ms
</UL>
<BR>[Called By]<UL><LI><a href="#[50]">&gt;&gt;</a>&nbsp;&nbsp;&nbsp;__rt_entry_main
</UL>

<P><STRONG><a name="[9e]"></a>setClock</STRONG> (Thumb, 140 bytes, Stack size 0 bytes, sysclock.o(.text.setClock))
<BR><BR>[Calls]<UL><LI><a href="#[a9]">&gt;&gt;</a>&nbsp;&nbsp;&nbsp;SystemCoreClockUpdate
</UL>
<BR>[Called By]<UL><LI><a href="#[51]">&gt;&gt;</a>&nbsp;&nbsp;&nbsp;main
</UL>

<P><STRONG><a name="[72]"></a>__disable_irq</STRONG> (Thumb, 12 bytes, Stack size 0 bytes, irqnopfx.o(i.__ARM_disable_irq))
<BR><BR>[Called By]<UL><LI><a href="#[73]">&gt;&gt;</a>&nbsp;&nbsp;&nbsp;Modbus_PopFrame
<LI><a href="#[71]">&gt;&gt;</a>&nbsp;&nbsp;&nbsp;Modbus_PeekFrame
<LI><a href="#[85]">&gt;&gt;</a>&nbsp;&nbsp;&nbsp;Modbus_Task
</UL>

<P><STRONG><a name="[82]"></a>__aeabi_ddiv</STRONG> (Thumb, 0 bytes, Stack size 32 bytes, ddiv.o(x$fpl$ddiv))
<BR><BR>[Stack]<UL><LI>Max Depth = 32<LI>Call Chain = __aeabi_ddiv
</UL>
<BR>[Called By]<UL><LI><a href="#[7c]">&gt;&gt;</a>&nbsp;&nbsp;&nbsp;Modbus_SaveSensorSettings
</UL>

<P><STRONG><a name="[aa]"></a>_ddiv</STRONG> (Thumb, 552 bytes, Stack size 32 bytes, ddiv.o(x$fpl$ddiv), UNUSED)
<BR><BR>[Calls]<UL><LI><a href="#[ab]">&gt;&gt;</a>&nbsp;&nbsp;&nbsp;__fpl_dretinf
<LI><a href="#[ac]">&gt;&gt;</a>&nbsp;&nbsp;&nbsp;__fpl_dnaninf
</UL>

<P><STRONG><a name="[81]"></a>__aeabi_i2d</STRONG> (Thumb, 0 bytes, Stack size 0 bytes, dflt_clz.o(x$fpl$dflt))
<BR><BR>[Called By]<UL><LI><a href="#[7c]">&gt;&gt;</a>&nbsp;&nbsp;&nbsp;Modbus_SaveSensorSettings
</UL>

<P><STRONG><a name="[de]"></a>_dflt</STRONG> (Thumb, 46 bytes, Stack size 0 bytes, dflt_clz.o(x$fpl$dflt), UNUSED)

<P><STRONG><a name="[80]"></a>__aeabi_ui2d</STRONG> (Thumb, 0 bytes, Stack size 0 bytes, dflt_clz.o(x$fpl$dfltu))
<BR><BR>[Called By]<UL><LI><a href="#[7c]">&gt;&gt;</a>&nbsp;&nbsp;&nbsp;Modbus_SaveSensorSettings
</UL>

<P><STRONG><a name="[df]"></a>_dfltu</STRONG> (Thumb, 38 bytes, Stack size 0 bytes, dflt_clz.o(x$fpl$dfltu), UNUSED)

<P><STRONG><a name="[ac]"></a>__fpl_dnaninf</STRONG> (Thumb, 156 bytes, Stack size 16 bytes, dnaninf.o(x$fpl$dnaninf), UNUSED)
<BR><BR>[Called By]<UL><LI><a href="#[aa]">&gt;&gt;</a>&nbsp;&nbsp;&nbsp;_ddiv
</UL>

<P><STRONG><a name="[ab]"></a>__fpl_dretinf</STRONG> (Thumb, 12 bytes, Stack size 0 bytes, dretinf.o(x$fpl$dretinf), UNUSED)
<BR><BR>[Called By]<UL><LI><a href="#[aa]">&gt;&gt;</a>&nbsp;&nbsp;&nbsp;_ddiv
</UL>

<P><STRONG><a name="[4b]"></a>_fp_init</STRONG> (Thumb, 26 bytes, Stack size 0 bytes, fpinit.o(x$fpl$fpinit))
<BR><BR>[Called By]<UL><LI><a href="#[4a]">&gt;&gt;</a>&nbsp;&nbsp;&nbsp;__rt_lib_init_fp_1
</UL>

<P><STRONG><a name="[e0]"></a>__fplib_config_fpu_vfp</STRONG> (Thumb, 0 bytes, Stack size unknown bytes, fpinit.o(x$fpl$fpinit), UNUSED)

<P><STRONG><a name="[e1]"></a>__fplib_config_pureend_doubles</STRONG> (Thumb, 0 bytes, Stack size unknown bytes, fpinit.o(x$fpl$fpinit), UNUSED)
<P>
<H3>
Local Symbols
</H3>
<P><STRONG><a name="[75]"></a>CRC16</STRONG> (Thumb, 160 bytes, Stack size 20 bytes, modbus_rtu.o(.text.CRC16))
<BR><BR>[Stack]<UL><LI>Max Depth = 20<LI>Call Chain = CRC16
</UL>
<BR>[Called By]<UL><LI><a href="#[7a]">&gt;&gt;</a>&nbsp;&nbsp;&nbsp;Modbus_SendErrorResponse
<LI><a href="#[74]">&gt;&gt;</a>&nbsp;&nbsp;&nbsp;Modbus_ProcessFrame
<LI><a href="#[78]">&gt;&gt;</a>&nbsp;&nbsp;&nbsp;ProcessWriteSingleRegister
<LI><a href="#[79]">&gt;&gt;</a>&nbsp;&nbsp;&nbsp;ProcessWriteMultipleRegisters
<LI><a href="#[77]">&gt;&gt;</a>&nbsp;&nbsp;&nbsp;ProcessReadInputRegisters
<LI><a href="#[76]">&gt;&gt;</a>&nbsp;&nbsp;&nbsp;ProcessReadHoldingRegisters
</UL>

<P><STRONG><a name="[6d]"></a>Modbus_GetHoldingRegisterInternal</STRONG> (Thumb, 108 bytes, Stack size 12 bytes, modbus_rtu.o(.text.Modbus_GetHoldingRegisterInternal))
<BR><BR>[Stack]<UL><LI>Max Depth = 12<LI>Call Chain = Modbus_GetHoldingRegisterInternal
</UL>
<BR>[Called By]<UL><LI><a href="#[6c]">&gt;&gt;</a>&nbsp;&nbsp;&nbsp;Modbus_GetRegister
<LI><a href="#[76]">&gt;&gt;</a>&nbsp;&nbsp;&nbsp;ProcessReadHoldingRegisters
</UL>

<P><STRONG><a name="[8a]"></a>Modbus_GetInputRegisterInternal</STRONG> (Thumb, 58 bytes, Stack size 8 bytes, modbus_rtu.o(.text.Modbus_GetInputRegisterInternal))
<BR><BR>[Stack]<UL><LI>Max Depth = 8<LI>Call Chain = Modbus_GetInputRegisterInternal
</UL>
<BR>[Called By]<UL><LI><a href="#[77]">&gt;&gt;</a>&nbsp;&nbsp;&nbsp;ProcessReadInputRegisters
</UL>

<P><STRONG><a name="[84]"></a>Modbus_SetHoldingRegisterInternal</STRONG> (Thumb, 54 bytes, Stack size 12 bytes, modbus_rtu.o(.text.Modbus_SetHoldingRegisterInternal))
<BR><BR>[Stack]<UL><LI>Max Depth = 12<LI>Call Chain = Modbus_SetHoldingRegisterInternal
</UL>
<BR>[Called By]<UL><LI><a href="#[5e]">&gt;&gt;</a>&nbsp;&nbsp;&nbsp;Modbus_SetRegister
<LI><a href="#[78]">&gt;&gt;</a>&nbsp;&nbsp;&nbsp;ProcessWriteSingleRegister
</UL>

<P><STRONG><a name="[76]"></a>ProcessReadHoldingRegisters</STRONG> (Thumb, 346 bytes, Stack size 296 bytes, modbus_rtu.o(.text.ProcessReadHoldingRegisters))
<BR><BR>[Stack]<UL><LI>Max Depth = 360<LI>Call Chain = ProcessReadHoldingRegisters &rArr; Modbus_SendErrorResponse &rArr; UART_Send
</UL>
<BR>[Calls]<UL><LI><a href="#[83]">&gt;&gt;</a>&nbsp;&nbsp;&nbsp;UART_Send
<LI><a href="#[7a]">&gt;&gt;</a>&nbsp;&nbsp;&nbsp;Modbus_SendErrorResponse
<LI><a href="#[6d]">&gt;&gt;</a>&nbsp;&nbsp;&nbsp;Modbus_GetHoldingRegisterInternal
<LI><a href="#[75]">&gt;&gt;</a>&nbsp;&nbsp;&nbsp;CRC16
</UL>
<BR>[Called By]<UL><LI><a href="#[74]">&gt;&gt;</a>&nbsp;&nbsp;&nbsp;Modbus_ProcessFrame
</UL>

<P><STRONG><a name="[77]"></a>ProcessReadInputRegisters</STRONG> (Thumb, 346 bytes, Stack size 296 bytes, modbus_rtu.o(.text.ProcessReadInputRegisters))
<BR><BR>[Stack]<UL><LI>Max Depth = 360<LI>Call Chain = ProcessReadInputRegisters &rArr; Modbus_SendErrorResponse &rArr; UART_Send
</UL>
<BR>[Calls]<UL><LI><a href="#[83]">&gt;&gt;</a>&nbsp;&nbsp;&nbsp;UART_Send
<LI><a href="#[7a]">&gt;&gt;</a>&nbsp;&nbsp;&nbsp;Modbus_SendErrorResponse
<LI><a href="#[8a]">&gt;&gt;</a>&nbsp;&nbsp;&nbsp;Modbus_GetInputRegisterInternal
<LI><a href="#[75]">&gt;&gt;</a>&nbsp;&nbsp;&nbsp;CRC16
</UL>
<BR>[Called By]<UL><LI><a href="#[74]">&gt;&gt;</a>&nbsp;&nbsp;&nbsp;Modbus_ProcessFrame
</UL>

<P><STRONG><a name="[79]"></a>ProcessWriteMultipleRegisters</STRONG> (Thumb, 342 bytes, Stack size 56 bytes, modbus_rtu.o(.text.ProcessWriteMultipleRegisters))
<BR><BR>[Stack]<UL><LI>Max Depth = 176<LI>Call Chain = ProcessWriteMultipleRegisters &rArr; Modbus_RunCommand &rArr; Modbus_SaveSensorSettings &rArr; __aeabi_ddiv
</UL>
<BR>[Calls]<UL><LI><a href="#[83]">&gt;&gt;</a>&nbsp;&nbsp;&nbsp;UART_Send
<LI><a href="#[7a]">&gt;&gt;</a>&nbsp;&nbsp;&nbsp;Modbus_SendErrorResponse
<LI><a href="#[7b]">&gt;&gt;</a>&nbsp;&nbsp;&nbsp;Modbus_RunCommand
<LI><a href="#[75]">&gt;&gt;</a>&nbsp;&nbsp;&nbsp;CRC16
</UL>
<BR>[Called By]<UL><LI><a href="#[74]">&gt;&gt;</a>&nbsp;&nbsp;&nbsp;Modbus_ProcessFrame
</UL>

<P><STRONG><a name="[78]"></a>ProcessWriteSingleRegister</STRONG> (Thumb, 192 bytes, Stack size 40 bytes, modbus_rtu.o(.text.ProcessWriteSingleRegister))
<BR><BR>[Stack]<UL><LI>Max Depth = 104<LI>Call Chain = ProcessWriteSingleRegister &rArr; Modbus_SendErrorResponse &rArr; UART_Send
</UL>
<BR>[Calls]<UL><LI><a href="#[83]">&gt;&gt;</a>&nbsp;&nbsp;&nbsp;UART_Send
<LI><a href="#[7a]">&gt;&gt;</a>&nbsp;&nbsp;&nbsp;Modbus_SendErrorResponse
<LI><a href="#[8b]">&gt;&gt;</a>&nbsp;&nbsp;&nbsp;Modbus_Is_Writable
<LI><a href="#[84]">&gt;&gt;</a>&nbsp;&nbsp;&nbsp;Modbus_SetHoldingRegisterInternal
<LI><a href="#[75]">&gt;&gt;</a>&nbsp;&nbsp;&nbsp;CRC16
</UL>
<BR>[Called By]<UL><LI><a href="#[74]">&gt;&gt;</a>&nbsp;&nbsp;&nbsp;Modbus_ProcessFrame
</UL>

<P><STRONG><a name="[8e]"></a>SHT3x_CRC8</STRONG> (Thumb, 60 bytes, Stack size 8 bytes, sht3x.o(.text.SHT3x_CRC8))
<BR><BR>[Stack]<UL><LI>Max Depth = 8<LI>Call Chain = SHT3x_CRC8
</UL>
<BR>[Called By]<UL><LI><a href="#[8c]">&gt;&gt;</a>&nbsp;&nbsp;&nbsp;SHT3x_ReadTempHum_
</UL>

<P><STRONG><a name="[9a]"></a>__NVIC_EnableIRQ</STRONG> (Thumb, 54 bytes, Stack size 8 bytes, uart.o(.text.__NVIC_EnableIRQ))
<BR><BR>[Stack]<UL><LI>Max Depth = 8<LI>Call Chain = __NVIC_EnableIRQ
</UL>
<BR>[Called By]<UL><LI><a href="#[99]">&gt;&gt;</a>&nbsp;&nbsp;&nbsp;UART_Init
</UL>

<P><STRONG><a name="[9b]"></a>__NVIC_SetPriority</STRONG> (Thumb, 74 bytes, Stack size 16 bytes, uart.o(.text.__NVIC_SetPriority))
<BR><BR>[Stack]<UL><LI>Max Depth = 16<LI>Call Chain = __NVIC_SetPriority
</UL>
<BR>[Called By]<UL><LI><a href="#[99]">&gt;&gt;</a>&nbsp;&nbsp;&nbsp;UART_Init
</UL>

<P><STRONG><a name="[9d]"></a>dma_head</STRONG> (Thumb, 18 bytes, Stack size 0 bytes, uart.o(.text.dma_head))
<BR><BR>[Called By]<UL><LI><a href="#[28]">&gt;&gt;</a>&nbsp;&nbsp;&nbsp;USART1_IRQHandler
</UL>

<P><STRONG><a name="[60]"></a>CRC16</STRONG> (Thumb, 68 bytes, Stack size 8 bytes, config_manager.o(.text.CRC16))
<BR><BR>[Stack]<UL><LI>Max Depth = 8<LI>Call Chain = CRC16
</UL>
<BR>[Called By]<UL><LI><a href="#[62]">&gt;&gt;</a>&nbsp;&nbsp;&nbsp;Config_QuickSave
<LI><a href="#[5f]">&gt;&gt;</a>&nbsp;&nbsp;&nbsp;Config_LoadFromFlash
</UL>
<P>
<H3>
Undefined Global Symbols
</H3><HR></body></html>
