<html>
<body>
<pre>
<h1>µVision Build Log</h1>
<h2>Tool Versions:</h2>
IDE-Version: µVision V5.28.0.0
Copyright (C) 2019 ARM Ltd and ARM Germany GmbH. All rights reserved.
License Information: levent k, engineer, LIC=----
 
Tool Versions:
Toolchain:       MDK-Lite  Version: 5.28.0.0
Toolchain Path:  C:\Keil_v5\ARM\ARMCLANG\Bin
C Compiler:      ArmClang.exe V6.12
Assembler:       Armasm.exe V6.12
Linker/Locator:  ArmLink.exe V6.12
Library Manager: ArmAr.exe V6.12
Hex Converter:   FromElf.exe V6.12
CPU DLL:         SARMCM3.DLL V5.28.0.0
Dialog DLL:      DCM.DLL V1.17.3.0
Target DLL:      STLink\ST-LINKIII-KEIL_SWO.dll V3.0.6.0
Dialog DLL:      TCM.DLL V1.36.2.0
 
<h2>Project:</h2>
C:\Users\Arge1\Documents\yeniprgram2 - Kopya (2) - Kopya - flash_eklenecekkk - Kopya - Kopya\yeniprgram2.uvprojx
Project File Date:  04/13/2026

<h2>Output:</h2>
*** Using Compiler 'V6.12', folder: 'C:\Keil_v5\ARM\ARMCLANG\Bin'
Rebuild target 'Target 1'
compiling delay.c...
compiling interrupts.c...
compiling main.c...
compiling i2c.c...
compiling sht3x.c...
compiling filter.c...
compiling sysclock.c...
compiling uart.c...
compiling pwm.cpp...
compiling lcd.c...
modbus_rtu.c(1043): warning: implicit declaration of function '__disable_irq' is invalid in C99 [-Wimplicit-function-declaration]
    __disable_irq();
    ^
modbus_rtu.c(1065): warning: implicit declaration of function '__enable_irq' is invalid in C99 [-Wimplicit-function-declaration]
    __enable_irq();
    ^
modbus_rtu.c(1079): warning: implicit declaration of function '__disable_irq' is invalid in C99 [-Wimplicit-function-declaration]
    __disable_irq();
    ^
modbus_rtu.c(1100): warning: implicit declaration of function '__enable_irq' is invalid in C99 [-Wimplicit-function-declaration]
    __enable_irq();
    ^
modbus_rtu.c(1109): warning: implicit declaration of function '__disable_irq' is invalid in C99 [-Wimplicit-function-declaration]
    __disable_irq();
    ^
modbus_rtu.c(1116): warning: implicit declaration of function '__enable_irq' is invalid in C99 [-Wimplicit-function-declaration]
    __enable_irq();
    ^
modbus_rtu.c(1123): warning: implicit declaration of function '__disable_irq' is invalid in C99 [-Wimplicit-function-declaration]
    __disable_irq();
    ^
modbus_rtu.c(1137): warning: implicit declaration of function '__enable_irq' is invalid in C99 [-Wimplicit-function-declaration]
    __enable_irq();
    ^
modbus_rtu.c(1144): warning: implicit declaration of function '__disable_irq' is invalid in C99 [-Wimplicit-function-declaration]
    __disable_irq();
    ^
modbus_rtu.c(1146): warning: implicit declaration of function '__enable_irq' is invalid in C99 [-Wimplicit-function-declaration]
    __enable_irq();
    ^
modbus_rtu.c(1155): warning: implicit declaration of function '__disable_irq' is invalid in C99 [-Wimplicit-function-declaration]
    __disable_irq();
    ^
modbus_rtu.c(1157): warning: implicit declaration of function '__enable_irq' is invalid in C99 [-Wimplicit-function-declaration]
    __enable_irq();
    ^
modbus_rtu.c(1166): warning: implicit declaration of function '__disable_irq' is invalid in C99 [-Wimplicit-function-declaration]
    __disable_irq();
    ^
modbus_rtu.c(1168): warning: implicit declaration of function '__enable_irq' is invalid in C99 [-Wimplicit-function-declaration]
    __enable_irq();
    ^
modbus_rtu.c(1175): warning: implicit declaration of function '__disable_irq' is invalid in C99 [-Wimplicit-function-declaration]
    __disable_irq();
    ^
modbus_rtu.c(1181): warning: implicit declaration of function '__enable_irq' is invalid in C99 [-Wimplicit-function-declaration]
    __enable_irq();
    ^
modbus_rtu.c(1188): warning: implicit declaration of function '__disable_irq' is invalid in C99 [-Wimplicit-function-declaration]
    __disable_irq();
    ^
modbus_rtu.c(1190): warning: implicit declaration of function '__enable_irq' is invalid in C99 [-Wimplicit-function-declaration]
    __enable_irq();
    ^
modbus_rtu.c(1224): warning: implicit declaration of function '__disable_irq' is invalid in C99 [-Wimplicit-function-declaration]
                __disable_irq();
                ^
modbus_rtu.c(1238): warning: implicit declaration of function '__enable_irq' is invalid in C99 [-Wimplicit-function-declaration]
                __enable_irq();
                ^
20 warnings generated.
compiling modbus_rtu.c...
compiling adc.c...
compiling error_check.c...
assembling startup_stm32f410rx.s...
compiling flash_write.c...
compiling sensor_task.c...
compiling watchdog.c...
compiling Config_Manager.c...
compiling system_stm32f4xx.c...
linking...
Program Size: Code=12090 RO-data=506 RW-data=8 ZI-data=10928  
".\Objects\yeniprgram2.axf" - 0 Error(s), 20 Warning(s).

<h2>Software Packages used:</h2>

Package Vendor: ARM
                http://www.keil.com/pack/ARM.CMSIS.5.5.1.pack
                ARM.CMSIS.5.5.1
                CMSIS (Cortex Microcontroller Software Interface Standard)
   * Component: CORE Version: 5.2.0

Package Vendor: Keil
                http://www.keil.com/pack/Keil.STM32F4xx_DFP.2.16.0.pack
                Keil.STM32F4xx_DFP.2.16.0
                STMicroelectronics STM32F4 Series Device Support, Drivers and Examples
   * Component: Startup Version: 2.6.3

<h2>Collection of Component include folders:</h2>
  .\RTE\_Target_1
  C:\Users\Arge1\Documents\Packs\ARM\CMSIS\5.5.1\CMSIS\Core\Include
  C:\Users\Arge1\Documents\Packs\Keil\STM32F4xx_DFP\2.16.0\Drivers\CMSIS\Device\ST\STM32F4xx\Include

<h2>Collection of Component Files used:</h2>

   * Component: ARM::CMSIS:CORE:5.2.0

   * Component: Keil::Device:Startup:2.6.3
      Source file:   MDK\Device\Source\ARM\STM32F410xx_412xx_OPT.s
      Source file:   MDK\Device\Source\ARM\STM32F4xx_OTP.s
      Include file:  Drivers\CMSIS\Device\ST\STM32F4xx\Include\stm32f4xx.h
      Source file:   Drivers\CMSIS\Device\ST\STM32F4xx\Source\Templates\arm\startup_stm32f410rx.s
      Source file:   Drivers\CMSIS\Device\ST\STM32F4xx\Source\Templates\system_stm32f4xx.c
Build Time Elapsed:  00:00:02
</pre>
</body>
</html>
